FFFFFF                                                                   [100%]
================================== FAILURES ===================================
________________________ test_create_url_and_redirect _________________________
  + Exception Group Traceback (most recent call last):
  |   File "C:\Users\stebin\AppData\Roaming\Python\Python312\site-packages\starlette\_utils.py", line 87, in collapse_excgroups
  |     yield
  |   File "C:\Users\stebin\AppData\Roaming\Python\Python312\site-packages\starlette\middleware\base.py", line 190, in __call__
  |     async with anyio.create_task_group() as task_group:
  |   File "C:\Users\stebin\AppData\Roaming\Python\Python312\site-packages\anyio\_backends\_asyncio.py", line 799, in __aexit__
  |     raise BaseExceptionGroup(
  | ExceptionGroup: unhandled errors in a TaskGroup (1 sub-exception)
  +-+---------------- 1 ----------------
    | Traceback (most recent call last):
    |   File "C:\Users\stebin\AppData\Roaming\Python\Python312\site-packages\_pytest\runner.py", line 344, in from_call
    |     result: TResult | None = func()
    |                              ^^^^^^
    |   File "C:\Users\stebin\AppData\Roaming\Python\Python312\site-packages\_pytest\runner.py", line 246, in <lambda>
    |     lambda: runtest_hook(item=item, **kwds), when=when, reraise=reraise
    |             ^^^^^^^^^^^^^^^^^^^^^^^^^^^^^^^
    |   File "C:\Users\stebin\AppData\Roaming\Python\Python312\site-packages\pluggy\_hooks.py", line 512, in __call__
    |     return self._hookexec(self.name, self._hookimpls.copy(), kwargs, firstresult)
    |            ^^^^^^^^^^^^^^^^^^^^^^^^^^^^^^^^^^^^^^^^^^^^^^^^^^^^^^^^^^^^^^^^^^^^^^
    |   File "C:\Users\stebin\AppData\Roaming\Python\Python312\site-packages\pluggy\_manager.py", line 120, in _hookexec
    |     return self._inner_hookexec(hook_name, methods, kwargs, firstresult)
    |            ^^^^^^^^^^^^^^^^^^^^^^^^^^^^^^^^^^^^^^^^^^^^^^^^^^^^^^^^^^^^^
    |   File "C:\Users\stebin\AppData\Roaming\Python\Python312\site-packages\pluggy\_callers.py", line 167, in _multicall
    |     raise exception
    |   File "C:\Users\stebin\AppData\Roaming\Python\Python312\site-packages\pluggy\_callers.py", line 139, in _multicall
    |     teardown.throw(exception)
    |   File "C:\Users\stebin\AppData\Roaming\Python\Python312\site-packages\_pytest\logging.py", line 850, in pytest_runtest_call
    |     yield
    |   File "C:\Users\stebin\AppData\Roaming\Python\Python312\site-packages\pluggy\_callers.py", line 139, in _multicall
    |     teardown.throw(exception)
    |   File "C:\Users\stebin\AppData\Roaming\Python\Python312\site-packages\_pytest\capture.py", line 900, in pytest_runtest_call
    |     return (yield)
    |             ^^^^^
    |   File "C:\Users\stebin\AppData\Roaming\Python\Python312\site-packages\pluggy\_callers.py", line 139, in _multicall
    |     teardown.throw(exception)
    |   File "C:\Users\stebin\AppData\Roaming\Python\Python312\site-packages\_pytest\skipping.py", line 263, in pytest_runtest_call
    |     return (yield)
    |             ^^^^^
    |   File "C:\Users\stebin\AppData\Roaming\Python\Python312\site-packages\pluggy\_callers.py", line 121, in _multicall
    |     res = hook_impl.function(*args)
    |           ^^^^^^^^^^^^^^^^^^^^^^^^^
    |   File "C:\Users\stebin\AppData\Roaming\Python\Python312\site-packages\_pytest\runner.py", line 178, in pytest_runtest_call
    |     item.runtest()
    |   File "C:\Users\stebin\AppData\Roaming\Python\Python312\site-packages\_pytest\python.py", line 1671, in runtest
    |     self.ihook.pytest_pyfunc_call(pyfuncitem=self)
    |   File "C:\Users\stebin\AppData\Roaming\Python\Python312\site-packages\pluggy\_hooks.py", line 512, in __call__
    |     return self._hookexec(self.name, self._hookimpls.copy(), kwargs, firstresult)
    |            ^^^^^^^^^^^^^^^^^^^^^^^^^^^^^^^^^^^^^^^^^^^^^^^^^^^^^^^^^^^^^^^^^^^^^^
    |   File "C:\Users\stebin\AppData\Roaming\Python\Python312\site-packages\pluggy\_manager.py", line 120, in _hookexec
    |     return self._inner_hookexec(hook_name, methods, kwargs, firstresult)
    |            ^^^^^^^^^^^^^^^^^^^^^^^^^^^^^^^^^^^^^^^^^^^^^^^^^^^^^^^^^^^^^
    |   File "C:\Users\stebin\AppData\Roaming\Python\Python312\site-packages\pluggy\_callers.py", line 167, in _multicall
    |     raise exception
    |   File "C:\Users\stebin\AppData\Roaming\Python\Python312\site-packages\pluggy\_callers.py", line 121, in _multicall
    |     res = hook_impl.function(*args)
    |           ^^^^^^^^^^^^^^^^^^^^^^^^^
    |   File "C:\Users\stebin\AppData\Roaming\Python\Python312\site-packages\_pytest\python.py", line 157, in pytest_pyfunc_call
    |     result = testfunction(**testargs)
    |              ^^^^^^^^^^^^^^^^^^^^^^^^
    |   File "C:\Users\stebin\OneDrive\Desktop\url shortener project\backend\test_api.py", line 31, in test_create_url_and_redirect
    |     response = client.post("/api/urls", json={"url": "https://example.com"})
    |                ^^^^^^^^^^^^^^^^^^^^^^^^^^^^^^^^^^^^^^^^^^^^^^^^^^^^^^^^^^^^^
    |   File "C:\Users\stebin\AppData\Roaming\Python\Python312\site-packages\starlette\testclient.py", line 633, in post
    |     return super().post(
    |            ^^^^^^^^^^^^^
    |   File "C:\Users\stebin\AppData\Roaming\Python\Python312\site-packages\httpx\_client.py", line 1144, in post
    |     return self.request(
    |            ^^^^^^^^^^^^^
    |   File "C:\Users\stebin\AppData\Roaming\Python\Python312\site-packages\starlette\testclient.py", line 516, in request
    |     return super().request(
    |            ^^^^^^^^^^^^^^^^
    |   File "C:\Users\stebin\AppData\Roaming\Python\Python312\site-packages\httpx\_client.py", line 825, in request
    |     return self.send(request, auth=auth, follow_redirects=follow_redirects)
    |            ^^^^^^^^^^^^^^^^^^^^^^^^^^^^^^^^^^^^^^^^^^^^^^^^^^^^^^^^^^^^^^^^
    |   File "C:\Users\stebin\AppData\Roaming\Python\Python312\site-packages\httpx\_client.py", line 914, in send
    |     response = self._send_handling_auth(
    |                ^^^^^^^^^^^^^^^^^^^^^^^^^
    |   File "C:\Users\stebin\AppData\Roaming\Python\Python312\site-packages\httpx\_client.py", line 942, in _send_handling_auth
    |     response = self._send_handling_redirects(
    |                ^^^^^^^^^^^^^^^^^^^^^^^^^^^^^^
    |   File "C:\Users\stebin\AppData\Roaming\Python\Python312\site-packages\httpx\_client.py", line 979, in _send_handling_redirects
    |     response = self._send_single_request(request)
    |                ^^^^^^^^^^^^^^^^^^^^^^^^^^^^^^^^^^
    |   File "C:\Users\stebin\AppData\Roaming\Python\Python312\site-packages\httpx\_client.py", line 1014, in _send_single_request
    |     response = transport.handle_request(request)
    |                ^^^^^^^^^^^^^^^^^^^^^^^^^^^^^^^^^
    |   File "C:\Users\stebin\AppData\Roaming\Python\Python312\site-packages\starlette\testclient.py", line 398, in handle_request
    |     raise exc
    |   File "C:\Users\stebin\AppData\Roaming\Python\Python312\site-packages\starlette\testclient.py", line 395, in handle_request
    |     portal.call(self.app, scope, receive, send)
    |   File "C:\Users\stebin\AppData\Roaming\Python\Python312\site-packages\anyio\from_thread.py", line 334, in call
    |     return cast(T_Retval, self.start_task_soon(func, *args).result())
    |                           ^^^^^^^^^^^^^^^^^^^^^^^^^^^^^^^^^^^^^^^^^^
    |   File "C:\Program Files\Python312\Lib\concurrent\futures\_base.py", line 449, in result
    |     return self.__get_result()
    |            ^^^^^^^^^^^^^^^^^^^
    |   File "C:\Program Files\Python312\Lib\concurrent\futures\_base.py", line 401, in __get_result
    |     raise self._exception
    |   File "C:\Users\stebin\AppData\Roaming\Python\Python312\site-packages\anyio\from_thread.py", line 259, in _call_func
    |     retval = await retval_or_awaitable
    |              ^^^^^^^^^^^^^^^^^^^^^^^^^
    |   File "C:\Users\stebin\AppData\Roaming\Python\Python312\site-packages\fastapi\applications.py", line 1054, in __call__
    |     await super().__call__(scope, receive, send)
    |   File "C:\Users\stebin\AppData\Roaming\Python\Python312\site-packages\starlette\applications.py", line 123, in __call__
    |     await self.middleware_stack(scope, receive, send)
    |   File "C:\Users\stebin\AppData\Roaming\Python\Python312\site-packages\starlette\middleware\errors.py", line 186, in __call__
    |     raise exc
    |   File "C:\Users\stebin\AppData\Roaming\Python\Python312\site-packages\starlette\middleware\errors.py", line 164, in __call__
    |     await self.app(scope, receive, _send)
    |   File "C:\Users\stebin\AppData\Roaming\Python\Python312\site-packages\starlette\middleware\base.py", line 189, in __call__
    |     with collapse_excgroups():
    |   File "C:\Program Files\Python312\Lib\contextlib.py", line 158, in __exit__
    |     self.gen.throw(value)
    |   File "C:\Users\stebin\AppData\Roaming\Python\Python312\site-packages\starlette\_utils.py", line 93, in collapse_excgroups
    |     raise exc
    |   File "C:\Users\stebin\AppData\Roaming\Python\Python312\site-packages\starlette\middleware\base.py", line 191, in __call__
    |     response = await self.dispatch_func(request, call_next)
    |                      ^^^^^^^^^^^^^^^^^^^^^^^^^^^^^^^^^^^^^^
    |   File "C:\Users\stebin\OneDrive\Desktop\url shortener project\backend\main.py", line 29, in add_security_headers
    |     response.headers.update(
    |     ^^^^^^^^^^^^^^^^
    | AttributeError: 'coroutine' object has no attribute 'headers'
    +------------------------------------

During handling of the above exception, another exception occurred:

Traceback (most recent call last):
  File "C:\Users\stebin\OneDrive\Desktop\url shortener project\backend\test_api.py", line 31, in test_create_url_and_redirect
    response = client.post("/api/urls", json={"url": "https://example.com"})
               ^^^^^^^^^^^^^^^^^^^^^^^^^^^^^^^^^^^^^^^^^^^^^^^^^^^^^^^^^^^^^
  File "C:\Users\stebin\AppData\Roaming\Python\Python312\site-packages\starlette\testclient.py", line 633, in post
    return super().post(
           ^^^^^^^^^^^^^
  File "C:\Users\stebin\AppData\Roaming\Python\Python312\site-packages\httpx\_client.py", line 1144, in post
    return self.request(
           ^^^^^^^^^^^^^
  File "C:\Users\stebin\AppData\Roaming\Python\Python312\site-packages\starlette\testclient.py", line 516, in request
    return super().request(
           ^^^^^^^^^^^^^^^^
  File "C:\Users\stebin\AppData\Roaming\Python\Python312\site-packages\httpx\_client.py", line 825, in request
    return self.send(request, auth=auth, follow_redirects=follow_redirects)
           ^^^^^^^^^^^^^^^^^^^^^^^^^^^^^^^^^^^^^^^^^^^^^^^^^^^^^^^^^^^^^^^^
  File "C:\Users\stebin\AppData\Roaming\Python\Python312\site-packages\httpx\_client.py", line 914, in send
    response = self._send_handling_auth(
               ^^^^^^^^^^^^^^^^^^^^^^^^^
  File "C:\Users\stebin\AppData\Roaming\Python\Python312\site-packages\httpx\_client.py", line 942, in _send_handling_auth
    response = self._send_handling_redirects(
               ^^^^^^^^^^^^^^^^^^^^^^^^^^^^^^
  File "C:\Users\stebin\AppData\Roaming\Python\Python312\site-packages\httpx\_client.py", line 979, in _send_handling_redirects
    response = self._send_single_request(request)
               ^^^^^^^^^^^^^^^^^^^^^^^^^^^^^^^^^^
  File "C:\Users\stebin\AppData\Roaming\Python\Python312\site-packages\httpx\_client.py", line 1014, in _send_single_request
    response = transport.handle_request(request)
               ^^^^^^^^^^^^^^^^^^^^^^^^^^^^^^^^^
  File "C:\Users\stebin\AppData\Roaming\Python\Python312\site-packages\starlette\testclient.py", line 398, in handle_request
    raise exc
  File "C:\Users\stebin\AppData\Roaming\Python\Python312\site-packages\starlette\testclient.py", line 395, in handle_request
    portal.call(self.app, scope, receive, send)
  File "C:\Users\stebin\AppData\Roaming\Python\Python312\site-packages\anyio\from_thread.py", line 334, in call
    return cast(T_Retval, self.start_task_soon(func, *args).result())
                          ^^^^^^^^^^^^^^^^^^^^^^^^^^^^^^^^^^^^^^^^^^
  File "C:\Program Files\Python312\Lib\concurrent\futures\_base.py", line 449, in result
    return self.__get_result()
           ^^^^^^^^^^^^^^^^^^^
  File "C:\Program Files\Python312\Lib\concurrent\futures\_base.py", line 401, in __get_result
    raise self._exception
  File "C:\Users\stebin\AppData\Roaming\Python\Python312\site-packages\anyio\from_thread.py", line 259, in _call_func
    retval = await retval_or_awaitable
             ^^^^^^^^^^^^^^^^^^^^^^^^^
  File "C:\Users\stebin\AppData\Roaming\Python\Python312\site-packages\fastapi\applications.py", line 1054, in __call__
    await super().__call__(scope, receive, send)
  File "C:\Users\stebin\AppData\Roaming\Python\Python312\site-packages\starlette\applications.py", line 123, in __call__
    await self.middleware_stack(scope, receive, send)
  File "C:\Users\stebin\AppData\Roaming\Python\Python312\site-packages\starlette\middleware\errors.py", line 186, in __call__
    raise exc
  File "C:\Users\stebin\AppData\Roaming\Python\Python312\site-packages\starlette\middleware\errors.py", line 164, in __call__
    await self.app(scope, receive, _send)
  File "C:\Users\stebin\AppData\Roaming\Python\Python312\site-packages\starlette\middleware\base.py", line 189, in __call__
    with collapse_excgroups():
  File "C:\Program Files\Python312\Lib\contextlib.py", line 158, in __exit__
    self.gen.throw(value)
  File "C:\Users\stebin\AppData\Roaming\Python\Python312\site-packages\starlette\_utils.py", line 93, in collapse_excgroups
    raise exc
  File "C:\Users\stebin\AppData\Roaming\Python\Python312\site-packages\starlette\middleware\base.py", line 191, in __call__
    response = await self.dispatch_func(request, call_next)
                     ^^^^^^^^^^^^^^^^^^^^^^^^^^^^^^^^^^^^^^
  File "C:\Users\stebin\OneDrive\Desktop\url shortener project\backend\main.py", line 29, in add_security_headers
    response.headers.update(
    ^^^^^^^^^^^^^^^^
AttributeError: 'coroutine' object has no attribute 'headers'

During handling of the above exception, another exception occurred:

tmp_path = WindowsPath('C:/Users/stebin/AppData/Local/Temp/pytest-of-stebin/pytest-3/test_create_url_and_redirect0')
monkeypatch = <_pytest.monkeypatch.MonkeyPatch object at 0x000002375070E900>

    def test_create_url_and_redirect(tmp_path, monkeypatch):
        client = create_test_client(tmp_path, monkeypatch)
    
>       response = client.post("/api/urls", json={"url": "https://example.com"})
                   ^^^^^^^^^^^^^^^^^^^^^^^^^^^^^^^^^^^^^^^^^^^^^^^^^^^^^^^^^^^^^

test_api.py:31: 
_ _ _ _ _ _ _ _ _ _ _ _ _ _ _ _ _ _ _ _ _ _ _ _ _ _ _ _ _ _ _ _ _ _ _ _ _ _ _ _
..\..\..\..\AppData\Roaming\Python\Python312\site-packages\starlette\testclient.py:633: in post
    return super().post(
..\..\..\..\AppData\Roaming\Python\Python312\site-packages\httpx\_client.py:1144: in post
    return self.request(
..\..\..\..\AppData\Roaming\Python\Python312\site-packages\starlette\testclient.py:516: in request
    return super().request(
..\..\..\..\AppData\Roaming\Python\Python312\site-packages\httpx\_client.py:825: in request
    return self.send(request, auth=auth, follow_redirects=follow_redirects)
           ^^^^^^^^^^^^^^^^^^^^^^^^^^^^^^^^^^^^^^^^^^^^^^^^^^^^^^^^^^^^^^^^
..\..\..\..\AppData\Roaming\Python\Python312\site-packages\httpx\_client.py:914: in send
    response = self._send_handling_auth(
..\..\..\..\AppData\Roaming\Python\Python312\site-packages\httpx\_client.py:942: in _send_handling_auth
    response = self._send_handling_redirects(
..\..\..\..\AppData\Roaming\Python\Python312\site-packages\httpx\_client.py:979: in _send_handling_redirects
    response = self._send_single_request(request)
               ^^^^^^^^^^^^^^^^^^^^^^^^^^^^^^^^^^
..\..\..\..\AppData\Roaming\Python\Python312\site-packages\httpx\_client.py:1014: in _send_single_request
    response = transport.handle_request(request)
               ^^^^^^^^^^^^^^^^^^^^^^^^^^^^^^^^^
..\..\..\..\AppData\Roaming\Python\Python312\site-packages\starlette\testclient.py:398: in handle_request
    raise exc
..\..\..\..\AppData\Roaming\Python\Python312\site-packages\starlette\testclient.py:395: in handle_request
    portal.call(self.app, scope, receive, send)
..\..\..\..\AppData\Roaming\Python\Python312\site-packages\anyio\from_thread.py:334: in call
    return cast(T_Retval, self.start_task_soon(func, *args).result())
                          ^^^^^^^^^^^^^^^^^^^^^^^^^^^^^^^^^^^^^^^^^^
C:\Program Files\Python312\Lib\concurrent\futures\_base.py:449: in result
    return self.__get_result()
           ^^^^^^^^^^^^^^^^^^^
C:\Program Files\Python312\Lib\concurrent\futures\_base.py:401: in __get_result
    raise self._exception
..\..\..\..\AppData\Roaming\Python\Python312\site-packages\anyio\from_thread.py:259: in _call_func
    retval = await retval_or_awaitable
             ^^^^^^^^^^^^^^^^^^^^^^^^^
..\..\..\..\AppData\Roaming\Python\Python312\site-packages\fastapi\applications.py:1054: in __call__
    await super().__call__(scope, receive, send)
..\..\..\..\AppData\Roaming\Python\Python312\site-packages\starlette\applications.py:123: in __call__
    await self.middleware_stack(scope, receive, send)
..\..\..\..\AppData\Roaming\Python\Python312\site-packages\starlette\middleware\errors.py:186: in __call__
    raise exc
..\..\..\..\AppData\Roaming\Python\Python312\site-packages\starlette\middleware\errors.py:164: in __call__
    await self.app(scope, receive, _send)
..\..\..\..\AppData\Roaming\Python\Python312\site-packages\starlette\middleware\base.py:189: in __call__
    with collapse_excgroups():
C:\Program Files\Python312\Lib\contextlib.py:158: in __exit__
    self.gen.throw(value)
..\..\..\..\AppData\Roaming\Python\Python312\site-packages\starlette\_utils.py:93: in collapse_excgroups
    raise exc
..\..\..\..\AppData\Roaming\Python\Python312\site-packages\starlette\middleware\base.py:191: in __call__
    response = await self.dispatch_func(request, call_next)
                     ^^^^^^^^^^^^^^^^^^^^^^^^^^^^^^^^^^^^^^
_ _ _ _ _ _ _ _ _ _ _ _ _ _ _ _ _ _ _ _ _ _ _ _ _ _ _ _ _ _ _ _ _ _ _ _ _ _ _ _

request = <starlette.middleware.base._CachedRequest object at 0x0000023750791D30>
call_next = <function BaseHTTPMiddleware.__call__.<locals>.call_next at 0x000002375076E340>

    @app.middleware("http")
    def add_security_headers(request, call_next):
        response = call_next(request)
>       response.headers.update(
        ^^^^^^^^^^^^^^^^
            {
                "X-Content-Type-Options": "nosniff",
                "X-Frame-Options": "DENY",
                "Referrer-Policy": "strict-origin-when-cross-origin",
            }
        )
E       AttributeError: 'coroutine' object has no attribute 'headers'

main.py:29: AttributeError
_________________________ test_create_url_invalid_url _________________________
  + Exception Group Traceback (most recent call last):
  |   File "C:\Users\stebin\AppData\Roaming\Python\Python312\site-packages\starlette\_utils.py", line 87, in collapse_excgroups
  |     yield
  |   File "C:\Users\stebin\AppData\Roaming\Python\Python312\site-packages\starlette\middleware\base.py", line 190, in __call__
  |     async with anyio.create_task_group() as task_group:
  |   File "C:\Users\stebin\AppData\Roaming\Python\Python312\site-packages\anyio\_backends\_asyncio.py", line 799, in __aexit__
  |     raise BaseExceptionGroup(
  | ExceptionGroup: unhandled errors in a TaskGroup (1 sub-exception)
  +-+---------------- 1 ----------------
    | Traceback (most recent call last):
    |   File "C:\Users\stebin\AppData\Roaming\Python\Python312\site-packages\_pytest\runner.py", line 344, in from_call
    |     result: TResult | None = func()
    |                              ^^^^^^
    |   File "C:\Users\stebin\AppData\Roaming\Python\Python312\site-packages\_pytest\runner.py", line 246, in <lambda>
    |     lambda: runtest_hook(item=item, **kwds), when=when, reraise=reraise
    |             ^^^^^^^^^^^^^^^^^^^^^^^^^^^^^^^
    |   File "C:\Users\stebin\AppData\Roaming\Python\Python312\site-packages\pluggy\_hooks.py", line 512, in __call__
    |     return self._hookexec(self.name, self._hookimpls.copy(), kwargs, firstresult)
    |            ^^^^^^^^^^^^^^^^^^^^^^^^^^^^^^^^^^^^^^^^^^^^^^^^^^^^^^^^^^^^^^^^^^^^^^
    |   File "C:\Users\stebin\AppData\Roaming\Python\Python312\site-packages\pluggy\_manager.py", line 120, in _hookexec
    |     return self._inner_hookexec(hook_name, methods, kwargs, firstresult)
    |            ^^^^^^^^^^^^^^^^^^^^^^^^^^^^^^^^^^^^^^^^^^^^^^^^^^^^^^^^^^^^^
    |   File "C:\Users\stebin\AppData\Roaming\Python\Python312\site-packages\pluggy\_callers.py", line 167, in _multicall
    |     raise exception
    |   File "C:\Users\stebin\AppData\Roaming\Python\Python312\site-packages\pluggy\_callers.py", line 139, in _multicall
    |     teardown.throw(exception)
    |   File "C:\Users\stebin\AppData\Roaming\Python\Python312\site-packages\_pytest\logging.py", line 850, in pytest_runtest_call
    |     yield
    |   File "C:\Users\stebin\AppData\Roaming\Python\Python312\site-packages\pluggy\_callers.py", line 139, in _multicall
    |     teardown.throw(exception)
    |   File "C:\Users\stebin\AppData\Roaming\Python\Python312\site-packages\_pytest\capture.py", line 900, in pytest_runtest_call
    |     return (yield)
    |             ^^^^^
    |   File "C:\Users\stebin\AppData\Roaming\Python\Python312\site-packages\pluggy\_callers.py", line 139, in _multicall
    |     teardown.throw(exception)
    |   File "C:\Users\stebin\AppData\Roaming\Python\Python312\site-packages\_pytest\skipping.py", line 263, in pytest_runtest_call
    |     return (yield)
    |             ^^^^^
    |   File "C:\Users\stebin\AppData\Roaming\Python\Python312\site-packages\pluggy\_callers.py", line 121, in _multicall
    |     res = hook_impl.function(*args)
    |           ^^^^^^^^^^^^^^^^^^^^^^^^^
    |   File "C:\Users\stebin\AppData\Roaming\Python\Python312\site-packages\_pytest\runner.py", line 178, in pytest_runtest_call
    |     item.runtest()
    |   File "C:\Users\stebin\AppData\Roaming\Python\Python312\site-packages\_pytest\python.py", line 1671, in runtest
    |     self.ihook.pytest_pyfunc_call(pyfuncitem=self)
    |   File "C:\Users\stebin\AppData\Roaming\Python\Python312\site-packages\pluggy\_hooks.py", line 512, in __call__
    |     return self._hookexec(self.name, self._hookimpls.copy(), kwargs, firstresult)
    |            ^^^^^^^^^^^^^^^^^^^^^^^^^^^^^^^^^^^^^^^^^^^^^^^^^^^^^^^^^^^^^^^^^^^^^^
    |   File "C:\Users\stebin\AppData\Roaming\Python\Python312\site-packages\pluggy\_manager.py", line 120, in _hookexec
    |     return self._inner_hookexec(hook_name, methods, kwargs, firstresult)
    |            ^^^^^^^^^^^^^^^^^^^^^^^^^^^^^^^^^^^^^^^^^^^^^^^^^^^^^^^^^^^^^
    |   File "C:\Users\stebin\AppData\Roaming\Python\Python312\site-packages\pluggy\_callers.py", line 167, in _multicall
    |     raise exception
    |   File "C:\Users\stebin\AppData\Roaming\Python\Python312\site-packages\pluggy\_callers.py", line 121, in _multicall
    |     res = hook_impl.function(*args)
    |           ^^^^^^^^^^^^^^^^^^^^^^^^^
    |   File "C:\Users\stebin\AppData\Roaming\Python\Python312\site-packages\_pytest\python.py", line 157, in pytest_pyfunc_call
    |     result = testfunction(**testargs)
    |              ^^^^^^^^^^^^^^^^^^^^^^^^
    |   File "C:\Users\stebin\OneDrive\Desktop\url shortener project\backend\test_api.py", line 46, in test_create_url_invalid_url
    |     response = client.post("/api/urls", json={"url": "not-a-url"})
    |                ^^^^^^^^^^^^^^^^^^^^^^^^^^^^^^^^^^^^^^^^^^^^^^^^^^^
    |   File "C:\Users\stebin\AppData\Roaming\Python\Python312\site-packages\starlette\testclient.py", line 633, in post
    |     return super().post(
    |            ^^^^^^^^^^^^^
    |   File "C:\Users\stebin\AppData\Roaming\Python\Python312\site-packages\httpx\_client.py", line 1144, in post
    |     return self.request(
    |            ^^^^^^^^^^^^^
    |   File "C:\Users\stebin\AppData\Roaming\Python\Python312\site-packages\starlette\testclient.py", line 516, in request
    |     return super().request(
    |            ^^^^^^^^^^^^^^^^
    |   File "C:\Users\stebin\AppData\Roaming\Python\Python312\site-packages\httpx\_client.py", line 825, in request
    |     return self.send(request, auth=auth, follow_redirects=follow_redirects)
    |            ^^^^^^^^^^^^^^^^^^^^^^^^^^^^^^^^^^^^^^^^^^^^^^^^^^^^^^^^^^^^^^^^
    |   File "C:\Users\stebin\AppData\Roaming\Python\Python312\site-packages\httpx\_client.py", line 914, in send
    |     response = self._send_handling_auth(
    |                ^^^^^^^^^^^^^^^^^^^^^^^^^
    |   File "C:\Users\stebin\AppData\Roaming\Python\Python312\site-packages\httpx\_client.py", line 942, in _send_handling_auth
    |     response = self._send_handling_redirects(
    |                ^^^^^^^^^^^^^^^^^^^^^^^^^^^^^^
    |   File "C:\Users\stebin\AppData\Roaming\Python\Python312\site-packages\httpx\_client.py", line 979, in _send_handling_redirects
    |     response = self._send_single_request(request)
    |                ^^^^^^^^^^^^^^^^^^^^^^^^^^^^^^^^^^
    |   File "C:\Users\stebin\AppData\Roaming\Python\Python312\site-packages\httpx\_client.py", line 1014, in _send_single_request
    |     response = transport.handle_request(request)
    |                ^^^^^^^^^^^^^^^^^^^^^^^^^^^^^^^^^
    |   File "C:\Users\stebin\AppData\Roaming\Python\Python312\site-packages\starlette\testclient.py", line 398, in handle_request
    |     raise exc
    |   File "C:\Users\stebin\AppData\Roaming\Python\Python312\site-packages\starlette\testclient.py", line 395, in handle_request
    |     portal.call(self.app, scope, receive, send)
    |   File "C:\Users\stebin\AppData\Roaming\Python\Python312\site-packages\anyio\from_thread.py", line 334, in call
    |     return cast(T_Retval, self.start_task_soon(func, *args).result())
    |                           ^^^^^^^^^^^^^^^^^^^^^^^^^^^^^^^^^^^^^^^^^^
    |   File "C:\Program Files\Python312\Lib\concurrent\futures\_base.py", line 449, in result
    |     return self.__get_result()
    |            ^^^^^^^^^^^^^^^^^^^
    |   File "C:\Program Files\Python312\Lib\concurrent\futures\_base.py", line 401, in __get_result
    |     raise self._exception
    |   File "C:\Users\stebin\AppData\Roaming\Python\Python312\site-packages\anyio\from_thread.py", line 259, in _call_func
    |     retval = await retval_or_awaitable
    |              ^^^^^^^^^^^^^^^^^^^^^^^^^
    |   File "C:\Users\stebin\AppData\Roaming\Python\Python312\site-packages\fastapi\applications.py", line 1054, in __call__
    |     await super().__call__(scope, receive, send)
    |   File "C:\Users\stebin\AppData\Roaming\Python\Python312\site-packages\starlette\applications.py", line 123, in __call__
    |     await self.middleware_stack(scope, receive, send)
    |   File "C:\Users\stebin\AppData\Roaming\Python\Python312\site-packages\starlette\middleware\errors.py", line 186, in __call__
    |     raise exc
    |   File "C:\Users\stebin\AppData\Roaming\Python\Python312\site-packages\starlette\middleware\errors.py", line 164, in __call__
    |     await self.app(scope, receive, _send)
    |   File "C:\Users\stebin\AppData\Roaming\Python\Python312\site-packages\starlette\middleware\base.py", line 189, in __call__
    |     with collapse_excgroups():
    |   File "C:\Program Files\Python312\Lib\contextlib.py", line 158, in __exit__
    |     self.gen.throw(value)
    |   File "C:\Users\stebin\AppData\Roaming\Python\Python312\site-packages\starlette\_utils.py", line 93, in collapse_excgroups
    |     raise exc
    |   File "C:\Users\stebin\AppData\Roaming\Python\Python312\site-packages\starlette\middleware\base.py", line 191, in __call__
    |     response = await self.dispatch_func(request, call_next)
    |                      ^^^^^^^^^^^^^^^^^^^^^^^^^^^^^^^^^^^^^^
    |   File "C:\Users\stebin\OneDrive\Desktop\url shortener project\backend\main.py", line 29, in add_security_headers
    |     response.headers.update(
    |     ^^^^^^^^^^^^^^^^
    | AttributeError: 'coroutine' object has no attribute 'headers'
    +------------------------------------

During handling of the above exception, another exception occurred:

Traceback (most recent call last):
  File "C:\Users\stebin\OneDrive\Desktop\url shortener project\backend\test_api.py", line 46, in test_create_url_invalid_url
    response = client.post("/api/urls", json={"url": "not-a-url"})
               ^^^^^^^^^^^^^^^^^^^^^^^^^^^^^^^^^^^^^^^^^^^^^^^^^^^
  File "C:\Users\stebin\AppData\Roaming\Python\Python312\site-packages\starlette\testclient.py", line 633, in post
    return super().post(
           ^^^^^^^^^^^^^
  File "C:\Users\stebin\AppData\Roaming\Python\Python312\site-packages\httpx\_client.py", line 1144, in post
    return self.request(
           ^^^^^^^^^^^^^
  File "C:\Users\stebin\AppData\Roaming\Python\Python312\site-packages\starlette\testclient.py", line 516, in request
    return super().request(
           ^^^^^^^^^^^^^^^^
  File "C:\Users\stebin\AppData\Roaming\Python\Python312\site-packages\httpx\_client.py", line 825, in request
    return self.send(request, auth=auth, follow_redirects=follow_redirects)
           ^^^^^^^^^^^^^^^^^^^^^^^^^^^^^^^^^^^^^^^^^^^^^^^^^^^^^^^^^^^^^^^^
  File "C:\Users\stebin\AppData\Roaming\Python\Python312\site-packages\httpx\_client.py", line 914, in send
    response = self._send_handling_auth(
               ^^^^^^^^^^^^^^^^^^^^^^^^^
  File "C:\Users\stebin\AppData\Roaming\Python\Python312\site-packages\httpx\_client.py", line 942, in _send_handling_auth
    response = self._send_handling_redirects(
               ^^^^^^^^^^^^^^^^^^^^^^^^^^^^^^
  File "C:\Users\stebin\AppData\Roaming\Python\Python312\site-packages\httpx\_client.py", line 979, in _send_handling_redirects
    response = self._send_single_request(request)
               ^^^^^^^^^^^^^^^^^^^^^^^^^^^^^^^^^^
  File "C:\Users\stebin\AppData\Roaming\Python\Python312\site-packages\httpx\_client.py", line 1014, in _send_single_request
    response = transport.handle_request(request)
               ^^^^^^^^^^^^^^^^^^^^^^^^^^^^^^^^^
  File "C:\Users\stebin\AppData\Roaming\Python\Python312\site-packages\starlette\testclient.py", line 398, in handle_request
    raise exc
  File "C:\Users\stebin\AppData\Roaming\Python\Python312\site-packages\starlette\testclient.py", line 395, in handle_request
    portal.call(self.app, scope, receive, send)
  File "C:\Users\stebin\AppData\Roaming\Python\Python312\site-packages\anyio\from_thread.py", line 334, in call
    return cast(T_Retval, self.start_task_soon(func, *args).result())
                          ^^^^^^^^^^^^^^^^^^^^^^^^^^^^^^^^^^^^^^^^^^
  File "C:\Program Files\Python312\Lib\concurrent\futures\_base.py", line 449, in result
    return self.__get_result()
           ^^^^^^^^^^^^^^^^^^^
  File "C:\Program Files\Python312\Lib\concurrent\futures\_base.py", line 401, in __get_result
    raise self._exception
  File "C:\Users\stebin\AppData\Roaming\Python\Python312\site-packages\anyio\from_thread.py", line 259, in _call_func
    retval = await retval_or_awaitable
             ^^^^^^^^^^^^^^^^^^^^^^^^^
  File "C:\Users\stebin\AppData\Roaming\Python\Python312\site-packages\fastapi\applications.py", line 1054, in __call__
    await super().__call__(scope, receive, send)
  File "C:\Users\stebin\AppData\Roaming\Python\Python312\site-packages\starlette\applications.py", line 123, in __call__
    await self.middleware_stack(scope, receive, send)
  File "C:\Users\stebin\AppData\Roaming\Python\Python312\site-packages\starlette\middleware\errors.py", line 186, in __call__
    raise exc
  File "C:\Users\stebin\AppData\Roaming\Python\Python312\site-packages\starlette\middleware\errors.py", line 164, in __call__
    await self.app(scope, receive, _send)
  File "C:\Users\stebin\AppData\Roaming\Python\Python312\site-packages\starlette\middleware\base.py", line 189, in __call__
    with collapse_excgroups():
  File "C:\Program Files\Python312\Lib\contextlib.py", line 158, in __exit__
    self.gen.throw(value)
  File "C:\Users\stebin\AppData\Roaming\Python\Python312\site-packages\starlette\_utils.py", line 93, in collapse_excgroups
    raise exc
  File "C:\Users\stebin\AppData\Roaming\Python\Python312\site-packages\starlette\middleware\base.py", line 191, in __call__
    response = await self.dispatch_func(request, call_next)
                     ^^^^^^^^^^^^^^^^^^^^^^^^^^^^^^^^^^^^^^
  File "C:\Users\stebin\OneDrive\Desktop\url shortener project\backend\main.py", line 29, in add_security_headers
    response.headers.update(
    ^^^^^^^^^^^^^^^^
AttributeError: 'coroutine' object has no attribute 'headers'

During handling of the above exception, another exception occurred:

tmp_path = WindowsPath('C:/Users/stebin/AppData/Local/Temp/pytest-of-stebin/pytest-3/test_create_url_invalid_url0')
monkeypatch = <_pytest.monkeypatch.MonkeyPatch object at 0x00000237507903E0>

    def test_create_url_invalid_url(tmp_path, monkeypatch):
        client = create_test_client(tmp_path, monkeypatch)
    
>       response = client.post("/api/urls", json={"url": "not-a-url"})
                   ^^^^^^^^^^^^^^^^^^^^^^^^^^^^^^^^^^^^^^^^^^^^^^^^^^^

test_api.py:46: 
_ _ _ _ _ _ _ _ _ _ _ _ _ _ _ _ _ _ _ _ _ _ _ _ _ _ _ _ _ _ _ _ _ _ _ _ _ _ _ _
..\..\..\..\AppData\Roaming\Python\Python312\site-packages\starlette\testclient.py:633: in post
    return super().post(
..\..\..\..\AppData\Roaming\Python\Python312\site-packages\httpx\_client.py:1144: in post
    return self.request(
..\..\..\..\AppData\Roaming\Python\Python312\site-packages\starlette\testclient.py:516: in request
    return super().request(
..\..\..\..\AppData\Roaming\Python\Python312\site-packages\httpx\_client.py:825: in request
    return self.send(request, auth=auth, follow_redirects=follow_redirects)
           ^^^^^^^^^^^^^^^^^^^^^^^^^^^^^^^^^^^^^^^^^^^^^^^^^^^^^^^^^^^^^^^^
..\..\..\..\AppData\Roaming\Python\Python312\site-packages\httpx\_client.py:914: in send
    response = self._send_handling_auth(
..\..\..\..\AppData\Roaming\Python\Python312\site-packages\httpx\_client.py:942: in _send_handling_auth
    response = self._send_handling_redirects(
..\..\..\..\AppData\Roaming\Python\Python312\site-packages\httpx\_client.py:979: in _send_handling_redirects
    response = self._send_single_request(request)
               ^^^^^^^^^^^^^^^^^^^^^^^^^^^^^^^^^^
..\..\..\..\AppData\Roaming\Python\Python312\site-packages\httpx\_client.py:1014: in _send_single_request
    response = transport.handle_request(request)
               ^^^^^^^^^^^^^^^^^^^^^^^^^^^^^^^^^
..\..\..\..\AppData\Roaming\Python\Python312\site-packages\starlette\testclient.py:398: in handle_request
    raise exc
..\..\..\..\AppData\Roaming\Python\Python312\site-packages\starlette\testclient.py:395: in handle_request
    portal.call(self.app, scope, receive, send)
..\..\..\..\AppData\Roaming\Python\Python312\site-packages\anyio\from_thread.py:334: in call
    return cast(T_Retval, self.start_task_soon(func, *args).result())
                          ^^^^^^^^^^^^^^^^^^^^^^^^^^^^^^^^^^^^^^^^^^
C:\Program Files\Python312\Lib\concurrent\futures\_base.py:449: in result
    return self.__get_result()
           ^^^^^^^^^^^^^^^^^^^
C:\Program Files\Python312\Lib\concurrent\futures\_base.py:401: in __get_result
    raise self._exception
..\..\..\..\AppData\Roaming\Python\Python312\site-packages\anyio\from_thread.py:259: in _call_func
    retval = await retval_or_awaitable
             ^^^^^^^^^^^^^^^^^^^^^^^^^
..\..\..\..\AppData\Roaming\Python\Python312\site-packages\fastapi\applications.py:1054: in __call__
    await super().__call__(scope, receive, send)
..\..\..\..\AppData\Roaming\Python\Python312\site-packages\starlette\applications.py:123: in __call__
    await self.middleware_stack(scope, receive, send)
..\..\..\..\AppData\Roaming\Python\Python312\site-packages\starlette\middleware\errors.py:186: in __call__
    raise exc
..\..\..\..\AppData\Roaming\Python\Python312\site-packages\starlette\middleware\errors.py:164: in __call__
    await self.app(scope, receive, _send)
..\..\..\..\AppData\Roaming\Python\Python312\site-packages\starlette\middleware\base.py:189: in __call__
    with collapse_excgroups():
C:\Program Files\Python312\Lib\contextlib.py:158: in __exit__
    self.gen.throw(value)
..\..\..\..\AppData\Roaming\Python\Python312\site-packages\starlette\_utils.py:93: in collapse_excgroups
    raise exc
..\..\..\..\AppData\Roaming\Python\Python312\site-packages\starlette\middleware\base.py:191: in __call__
    response = await self.dispatch_func(request, call_next)
                     ^^^^^^^^^^^^^^^^^^^^^^^^^^^^^^^^^^^^^^
_ _ _ _ _ _ _ _ _ _ _ _ _ _ _ _ _ _ _ _ _ _ _ _ _ _ _ _ _ _ _ _ _ _ _ _ _ _ _ _

request = <starlette.middleware.base._CachedRequest object at 0x00000237507CDBB0>
call_next = <function BaseHTTPMiddleware.__call__.<locals>.call_next at 0x000002375076F740>

    @app.middleware("http")
    def add_security_headers(request, call_next):
        response = call_next(request)
>       response.headers.update(
        ^^^^^^^^^^^^^^^^
            {
                "X-Content-Type-Options": "nosniff",
                "X-Frame-Options": "DENY",
                "Referrer-Policy": "strict-origin-when-cross-origin",
            }
        )
E       AttributeError: 'coroutine' object has no attribute 'headers'

main.py:29: AttributeError
_______________________ test_list_urls_returns_entries ________________________
  + Exception Group Traceback (most recent call last):
  |   File "C:\Users\stebin\AppData\Roaming\Python\Python312\site-packages\starlette\_utils.py", line 87, in collapse_excgroups
  |     yield
  |   File "C:\Users\stebin\AppData\Roaming\Python\Python312\site-packages\starlette\middleware\base.py", line 190, in __call__
  |     async with anyio.create_task_group() as task_group:
  |   File "C:\Users\stebin\AppData\Roaming\Python\Python312\site-packages\anyio\_backends\_asyncio.py", line 799, in __aexit__
  |     raise BaseExceptionGroup(
  | ExceptionGroup: unhandled errors in a TaskGroup (1 sub-exception)
  +-+---------------- 1 ----------------
    | Traceback (most recent call last):
    |   File "C:\Users\stebin\AppData\Roaming\Python\Python312\site-packages\_pytest\runner.py", line 344, in from_call
    |     result: TResult | None = func()
    |                              ^^^^^^
    |   File "C:\Users\stebin\AppData\Roaming\Python\Python312\site-packages\_pytest\runner.py", line 246, in <lambda>
    |     lambda: runtest_hook(item=item, **kwds), when=when, reraise=reraise
    |             ^^^^^^^^^^^^^^^^^^^^^^^^^^^^^^^
    |   File "C:\Users\stebin\AppData\Roaming\Python\Python312\site-packages\pluggy\_hooks.py", line 512, in __call__
    |     return self._hookexec(self.name, self._hookimpls.copy(), kwargs, firstresult)
    |            ^^^^^^^^^^^^^^^^^^^^^^^^^^^^^^^^^^^^^^^^^^^^^^^^^^^^^^^^^^^^^^^^^^^^^^
    |   File "C:\Users\stebin\AppData\Roaming\Python\Python312\site-packages\pluggy\_manager.py", line 120, in _hookexec
    |     return self._inner_hookexec(hook_name, methods, kwargs, firstresult)
    |            ^^^^^^^^^^^^^^^^^^^^^^^^^^^^^^^^^^^^^^^^^^^^^^^^^^^^^^^^^^^^^
    |   File "C:\Users\stebin\AppData\Roaming\Python\Python312\site-packages\pluggy\_callers.py", line 167, in _multicall
    |     raise exception
    |   File "C:\Users\stebin\AppData\Roaming\Python\Python312\site-packages\pluggy\_callers.py", line 139, in _multicall
    |     teardown.throw(exception)
    |   File "C:\Users\stebin\AppData\Roaming\Python\Python312\site-packages\_pytest\logging.py", line 850, in pytest_runtest_call
    |     yield
    |   File "C:\Users\stebin\AppData\Roaming\Python\Python312\site-packages\pluggy\_callers.py", line 139, in _multicall
    |     teardown.throw(exception)
    |   File "C:\Users\stebin\AppData\Roaming\Python\Python312\site-packages\_pytest\capture.py", line 900, in pytest_runtest_call
    |     return (yield)
    |             ^^^^^
    |   File "C:\Users\stebin\AppData\Roaming\Python\Python312\site-packages\pluggy\_callers.py", line 139, in _multicall
    |     teardown.throw(exception)
    |   File "C:\Users\stebin\AppData\Roaming\Python\Python312\site-packages\_pytest\skipping.py", line 263, in pytest_runtest_call
    |     return (yield)
    |             ^^^^^
    |   File "C:\Users\stebin\AppData\Roaming\Python\Python312\site-packages\pluggy\_callers.py", line 121, in _multicall
    |     res = hook_impl.function(*args)
    |           ^^^^^^^^^^^^^^^^^^^^^^^^^
    |   File "C:\Users\stebin\AppData\Roaming\Python\Python312\site-packages\_pytest\runner.py", line 178, in pytest_runtest_call
    |     item.runtest()
    |   File "C:\Users\stebin\AppData\Roaming\Python\Python312\site-packages\_pytest\python.py", line 1671, in runtest
    |     self.ihook.pytest_pyfunc_call(pyfuncitem=self)
    |   File "C:\Users\stebin\AppData\Roaming\Python\Python312\site-packages\pluggy\_hooks.py", line 512, in __call__
    |     return self._hookexec(self.name, self._hookimpls.copy(), kwargs, firstresult)
    |            ^^^^^^^^^^^^^^^^^^^^^^^^^^^^^^^^^^^^^^^^^^^^^^^^^^^^^^^^^^^^^^^^^^^^^^
    |   File "C:\Users\stebin\AppData\Roaming\Python\Python312\site-packages\pluggy\_manager.py", line 120, in _hookexec
    |     return self._inner_hookexec(hook_name, methods, kwargs, firstresult)
    |            ^^^^^^^^^^^^^^^^^^^^^^^^^^^^^^^^^^^^^^^^^^^^^^^^^^^^^^^^^^^^^
    |   File "C:\Users\stebin\AppData\Roaming\Python\Python312\site-packages\pluggy\_callers.py", line 167, in _multicall
    |     raise exception
    |   File "C:\Users\stebin\AppData\Roaming\Python\Python312\site-packages\pluggy\_callers.py", line 121, in _multicall
    |     res = hook_impl.function(*args)
    |           ^^^^^^^^^^^^^^^^^^^^^^^^^
    |   File "C:\Users\stebin\AppData\Roaming\Python\Python312\site-packages\_pytest\python.py", line 157, in pytest_pyfunc_call
    |     result = testfunction(**testargs)
    |              ^^^^^^^^^^^^^^^^^^^^^^^^
    |   File "C:\Users\stebin\OneDrive\Desktop\url shortener project\backend\test_api.py", line 54, in test_list_urls_returns_entries
    |     client.post("/api/urls", json={"url": "https://example.com"})
    |   File "C:\Users\stebin\AppData\Roaming\Python\Python312\site-packages\starlette\testclient.py", line 633, in post
    |     return super().post(
    |            ^^^^^^^^^^^^^
    |   File "C:\Users\stebin\AppData\Roaming\Python\Python312\site-packages\httpx\_client.py", line 1144, in post
    |     return self.request(
    |            ^^^^^^^^^^^^^
    |   File "C:\Users\stebin\AppData\Roaming\Python\Python312\site-packages\starlette\testclient.py", line 516, in request
    |     return super().request(
    |            ^^^^^^^^^^^^^^^^
    |   File "C:\Users\stebin\AppData\Roaming\Python\Python312\site-packages\httpx\_client.py", line 825, in request
    |     return self.send(request, auth=auth, follow_redirects=follow_redirects)
    |            ^^^^^^^^^^^^^^^^^^^^^^^^^^^^^^^^^^^^^^^^^^^^^^^^^^^^^^^^^^^^^^^^
    |   File "C:\Users\stebin\AppData\Roaming\Python\Python312\site-packages\httpx\_client.py", line 914, in send
    |     response = self._send_handling_auth(
    |                ^^^^^^^^^^^^^^^^^^^^^^^^^
    |   File "C:\Users\stebin\AppData\Roaming\Python\Python312\site-packages\httpx\_client.py", line 942, in _send_handling_auth
    |     response = self._send_handling_redirects(
    |                ^^^^^^^^^^^^^^^^^^^^^^^^^^^^^^
    |   File "C:\Users\stebin\AppData\Roaming\Python\Python312\site-packages\httpx\_client.py", line 979, in _send_handling_redirects
    |     response = self._send_single_request(request)
    |                ^^^^^^^^^^^^^^^^^^^^^^^^^^^^^^^^^^
    |   File "C:\Users\stebin\AppData\Roaming\Python\Python312\site-packages\httpx\_client.py", line 1014, in _send_single_request
    |     response = transport.handle_request(request)
    |                ^^^^^^^^^^^^^^^^^^^^^^^^^^^^^^^^^
    |   File "C:\Users\stebin\AppData\Roaming\Python\Python312\site-packages\starlette\testclient.py", line 398, in handle_request
    |     raise exc
    |   File "C:\Users\stebin\AppData\Roaming\Python\Python312\site-packages\starlette\testclient.py", line 395, in handle_request
    |     portal.call(self.app, scope, receive, send)
    |   File "C:\Users\stebin\AppData\Roaming\Python\Python312\site-packages\anyio\from_thread.py", line 334, in call
    |     return cast(T_Retval, self.start_task_soon(func, *args).result())
    |                           ^^^^^^^^^^^^^^^^^^^^^^^^^^^^^^^^^^^^^^^^^^
    |   File "C:\Program Files\Python312\Lib\concurrent\futures\_base.py", line 449, in result
    |     return self.__get_result()
    |            ^^^^^^^^^^^^^^^^^^^
    |   File "C:\Program Files\Python312\Lib\concurrent\futures\_base.py", line 401, in __get_result
    |     raise self._exception
    |   File "C:\Users\stebin\AppData\Roaming\Python\Python312\site-packages\anyio\from_thread.py", line 259, in _call_func
    |     retval = await retval_or_awaitable
    |              ^^^^^^^^^^^^^^^^^^^^^^^^^
    |   File "C:\Users\stebin\AppData\Roaming\Python\Python312\site-packages\fastapi\applications.py", line 1054, in __call__
    |     await super().__call__(scope, receive, send)
    |   File "C:\Users\stebin\AppData\Roaming\Python\Python312\site-packages\starlette\applications.py", line 123, in __call__
    |     await self.middleware_stack(scope, receive, send)
    |   File "C:\Users\stebin\AppData\Roaming\Python\Python312\site-packages\starlette\middleware\errors.py", line 186, in __call__
    |     raise exc
    |   File "C:\Users\stebin\AppData\Roaming\Python\Python312\site-packages\starlette\middleware\errors.py", line 164, in __call__
    |     await self.app(scope, receive, _send)
    |   File "C:\Users\stebin\AppData\Roaming\Python\Python312\site-packages\starlette\middleware\base.py", line 189, in __call__
    |     with collapse_excgroups():
    |   File "C:\Program Files\Python312\Lib\contextlib.py", line 158, in __exit__
    |     self.gen.throw(value)
    |   File "C:\Users\stebin\AppData\Roaming\Python\Python312\site-packages\starlette\_utils.py", line 93, in collapse_excgroups
    |     raise exc
    |   File "C:\Users\stebin\AppData\Roaming\Python\Python312\site-packages\starlette\middleware\base.py", line 191, in __call__
    |     response = await self.dispatch_func(request, call_next)
    |                      ^^^^^^^^^^^^^^^^^^^^^^^^^^^^^^^^^^^^^^
    |   File "C:\Users\stebin\OneDrive\Desktop\url shortener project\backend\main.py", line 29, in add_security_headers
    |     response.headers.update(
    |     ^^^^^^^^^^^^^^^^
    | AttributeError: 'coroutine' object has no attribute 'headers'
    +------------------------------------

During handling of the above exception, another exception occurred:

Traceback (most recent call last):
  File "C:\Users\stebin\OneDrive\Desktop\url shortener project\backend\test_api.py", line 54, in test_list_urls_returns_entries
    client.post("/api/urls", json={"url": "https://example.com"})
  File "C:\Users\stebin\AppData\Roaming\Python\Python312\site-packages\starlette\testclient.py", line 633, in post
    return super().post(
           ^^^^^^^^^^^^^
  File "C:\Users\stebin\AppData\Roaming\Python\Python312\site-packages\httpx\_client.py", line 1144, in post
    return self.request(
           ^^^^^^^^^^^^^
  File "C:\Users\stebin\AppData\Roaming\Python\Python312\site-packages\starlette\testclient.py", line 516, in request
    return super().request(
           ^^^^^^^^^^^^^^^^
  File "C:\Users\stebin\AppData\Roaming\Python\Python312\site-packages\httpx\_client.py", line 825, in request
    return self.send(request, auth=auth, follow_redirects=follow_redirects)
           ^^^^^^^^^^^^^^^^^^^^^^^^^^^^^^^^^^^^^^^^^^^^^^^^^^^^^^^^^^^^^^^^
  File "C:\Users\stebin\AppData\Roaming\Python\Python312\site-packages\httpx\_client.py", line 914, in send
    response = self._send_handling_auth(
               ^^^^^^^^^^^^^^^^^^^^^^^^^
  File "C:\Users\stebin\AppData\Roaming\Python\Python312\site-packages\httpx\_client.py", line 942, in _send_handling_auth
    response = self._send_handling_redirects(
               ^^^^^^^^^^^^^^^^^^^^^^^^^^^^^^
  File "C:\Users\stebin\AppData\Roaming\Python\Python312\site-packages\httpx\_client.py", line 979, in _send_handling_redirects
    response = self._send_single_request(request)
               ^^^^^^^^^^^^^^^^^^^^^^^^^^^^^^^^^^
  File "C:\Users\stebin\AppData\Roaming\Python\Python312\site-packages\httpx\_client.py", line 1014, in _send_single_request
    response = transport.handle_request(request)
               ^^^^^^^^^^^^^^^^^^^^^^^^^^^^^^^^^
  File "C:\Users\stebin\AppData\Roaming\Python\Python312\site-packages\starlette\testclient.py", line 398, in handle_request
    raise exc
  File "C:\Users\stebin\AppData\Roaming\Python\Python312\site-packages\starlette\testclient.py", line 395, in handle_request
    portal.call(self.app, scope, receive, send)
  File "C:\Users\stebin\AppData\Roaming\Python\Python312\site-packages\anyio\from_thread.py", line 334, in call
    return cast(T_Retval, self.start_task_soon(func, *args).result())
                          ^^^^^^^^^^^^^^^^^^^^^^^^^^^^^^^^^^^^^^^^^^
  File "C:\Program Files\Python312\Lib\concurrent\futures\_base.py", line 449, in result
    return self.__get_result()
           ^^^^^^^^^^^^^^^^^^^
  File "C:\Program Files\Python312\Lib\concurrent\futures\_base.py", line 401, in __get_result
    raise self._exception
  File "C:\Users\stebin\AppData\Roaming\Python\Python312\site-packages\anyio\from_thread.py", line 259, in _call_func
    retval = await retval_or_awaitable
             ^^^^^^^^^^^^^^^^^^^^^^^^^
  File "C:\Users\stebin\AppData\Roaming\Python\Python312\site-packages\fastapi\applications.py", line 1054, in __call__
    await super().__call__(scope, receive, send)
  File "C:\Users\stebin\AppData\Roaming\Python\Python312\site-packages\starlette\applications.py", line 123, in __call__
    await self.middleware_stack(scope, receive, send)
  File "C:\Users\stebin\AppData\Roaming\Python\Python312\site-packages\starlette\middleware\errors.py", line 186, in __call__
    raise exc
  File "C:\Users\stebin\AppData\Roaming\Python\Python312\site-packages\starlette\middleware\errors.py", line 164, in __call__
    await self.app(scope, receive, _send)
  File "C:\Users\stebin\AppData\Roaming\Python\Python312\site-packages\starlette\middleware\base.py", line 189, in __call__
    with collapse_excgroups():
  File "C:\Program Files\Python312\Lib\contextlib.py", line 158, in __exit__
    self.gen.throw(value)
  File "C:\Users\stebin\AppData\Roaming\Python\Python312\site-packages\starlette\_utils.py", line 93, in collapse_excgroups
    raise exc
  File "C:\Users\stebin\AppData\Roaming\Python\Python312\site-packages\starlette\middleware\base.py", line 191, in __call__
    response = await self.dispatch_func(request, call_next)
                     ^^^^^^^^^^^^^^^^^^^^^^^^^^^^^^^^^^^^^^
  File "C:\Users\stebin\OneDrive\Desktop\url shortener project\backend\main.py", line 29, in add_security_headers
    response.headers.update(
    ^^^^^^^^^^^^^^^^
AttributeError: 'coroutine' object has no attribute 'headers'

During handling of the above exception, another exception occurred:

tmp_path = WindowsPath('C:/Users/stebin/AppData/Local/Temp/pytest-of-stebin/pytest-3/test_list_urls_returns_entries0')
monkeypatch = <_pytest.monkeypatch.MonkeyPatch object at 0x000002375082B140>

    def test_list_urls_returns_entries(tmp_path, monkeypatch):
        client = create_test_client(tmp_path, monkeypatch)
    
>       client.post("/api/urls", json={"url": "https://example.com"})

test_api.py:54: 
_ _ _ _ _ _ _ _ _ _ _ _ _ _ _ _ _ _ _ _ _ _ _ _ _ _ _ _ _ _ _ _ _ _ _ _ _ _ _ _
..\..\..\..\AppData\Roaming\Python\Python312\site-packages\starlette\testclient.py:633: in post
    return super().post(
..\..\..\..\AppData\Roaming\Python\Python312\site-packages\httpx\_client.py:1144: in post
    return self.request(
..\..\..\..\AppData\Roaming\Python\Python312\site-packages\starlette\testclient.py:516: in request
    return super().request(
..\..\..\..\AppData\Roaming\Python\Python312\site-packages\httpx\_client.py:825: in request
    return self.send(request, auth=auth, follow_redirects=follow_redirects)
           ^^^^^^^^^^^^^^^^^^^^^^^^^^^^^^^^^^^^^^^^^^^^^^^^^^^^^^^^^^^^^^^^
..\..\..\..\AppData\Roaming\Python\Python312\site-packages\httpx\_client.py:914: in send
    response = self._send_handling_auth(
..\..\..\..\AppData\Roaming\Python\Python312\site-packages\httpx\_client.py:942: in _send_handling_auth
    response = self._send_handling_redirects(
..\..\..\..\AppData\Roaming\Python\Python312\site-packages\httpx\_client.py:979: in _send_handling_redirects
    response = self._send_single_request(request)
               ^^^^^^^^^^^^^^^^^^^^^^^^^^^^^^^^^^
..\..\..\..\AppData\Roaming\Python\Python312\site-packages\httpx\_client.py:1014: in _send_single_request
    response = transport.handle_request(request)
               ^^^^^^^^^^^^^^^^^^^^^^^^^^^^^^^^^
..\..\..\..\AppData\Roaming\Python\Python312\site-packages\starlette\testclient.py:398: in handle_request
    raise exc
..\..\..\..\AppData\Roaming\Python\Python312\site-packages\starlette\testclient.py:395: in handle_request
    portal.call(self.app, scope, receive, send)
..\..\..\..\AppData\Roaming\Python\Python312\site-packages\anyio\from_thread.py:334: in call
    return cast(T_Retval, self.start_task_soon(func, *args).result())
                          ^^^^^^^^^^^^^^^^^^^^^^^^^^^^^^^^^^^^^^^^^^
C:\Program Files\Python312\Lib\concurrent\futures\_base.py:449: in result
    return self.__get_result()
           ^^^^^^^^^^^^^^^^^^^
C:\Program Files\Python312\Lib\concurrent\futures\_base.py:401: in __get_result
    raise self._exception
..\..\..\..\AppData\Roaming\Python\Python312\site-packages\anyio\from_thread.py:259: in _call_func
    retval = await retval_or_awaitable
             ^^^^^^^^^^^^^^^^^^^^^^^^^
..\..\..\..\AppData\Roaming\Python\Python312\site-packages\fastapi\applications.py:1054: in __call__
    await super().__call__(scope, receive, send)
..\..\..\..\AppData\Roaming\Python\Python312\site-packages\starlette\applications.py:123: in __call__
    await self.middleware_stack(scope, receive, send)
..\..\..\..\AppData\Roaming\Python\Python312\site-packages\starlette\middleware\errors.py:186: in __call__
    raise exc
..\..\..\..\AppData\Roaming\Python\Python312\site-packages\starlette\middleware\errors.py:164: in __call__
    await self.app(scope, receive, _send)
..\..\..\..\AppData\Roaming\Python\Python312\site-packages\starlette\middleware\base.py:189: in __call__
    with collapse_excgroups():
C:\Program Files\Python312\Lib\contextlib.py:158: in __exit__
    self.gen.throw(value)
..\..\..\..\AppData\Roaming\Python\Python312\site-packages\starlette\_utils.py:93: in collapse_excgroups
    raise exc
..\..\..\..\AppData\Roaming\Python\Python312\site-packages\starlette\middleware\base.py:191: in __call__
    response = await self.dispatch_func(request, call_next)
                     ^^^^^^^^^^^^^^^^^^^^^^^^^^^^^^^^^^^^^^
_ _ _ _ _ _ _ _ _ _ _ _ _ _ _ _ _ _ _ _ _ _ _ _ _ _ _ _ _ _ _ _ _ _ _ _ _ _ _ _

request = <starlette.middleware.base._CachedRequest object at 0x000002375082A240>
call_next = <function BaseHTTPMiddleware.__call__.<locals>.call_next at 0x0000023750826340>

    @app.middleware("http")
    def add_security_headers(request, call_next):
        response = call_next(request)
>       response.headers.update(
        ^^^^^^^^^^^^^^^^
            {
                "X-Content-Type-Options": "nosniff",
                "X-Frame-Options": "DENY",
                "Referrer-Policy": "strict-origin-when-cross-origin",
            }
        )
E       AttributeError: 'coroutine' object has no attribute 'headers'

main.py:29: AttributeError
___________ test_analytics_includes_total_clicks_and_last_accessed ____________
  + Exception Group Traceback (most recent call last):
  |   File "C:\Users\stebin\AppData\Roaming\Python\Python312\site-packages\starlette\_utils.py", line 87, in collapse_excgroups
  |     yield
  |   File "C:\Users\stebin\AppData\Roaming\Python\Python312\site-packages\starlette\middleware\base.py", line 190, in __call__
  |     async with anyio.create_task_group() as task_group:
  |   File "C:\Users\stebin\AppData\Roaming\Python\Python312\site-packages\anyio\_backends\_asyncio.py", line 799, in __aexit__
  |     raise BaseExceptionGroup(
  | ExceptionGroup: unhandled errors in a TaskGroup (1 sub-exception)
  +-+---------------- 1 ----------------
    | Traceback (most recent call last):
    |   File "C:\Users\stebin\AppData\Roaming\Python\Python312\site-packages\_pytest\runner.py", line 344, in from_call
    |     result: TResult | None = func()
    |                              ^^^^^^
    |   File "C:\Users\stebin\AppData\Roaming\Python\Python312\site-packages\_pytest\runner.py", line 246, in <lambda>
    |     lambda: runtest_hook(item=item, **kwds), when=when, reraise=reraise
    |             ^^^^^^^^^^^^^^^^^^^^^^^^^^^^^^^
    |   File "C:\Users\stebin\AppData\Roaming\Python\Python312\site-packages\pluggy\_hooks.py", line 512, in __call__
    |     return self._hookexec(self.name, self._hookimpls.copy(), kwargs, firstresult)
    |            ^^^^^^^^^^^^^^^^^^^^^^^^^^^^^^^^^^^^^^^^^^^^^^^^^^^^^^^^^^^^^^^^^^^^^^
    |   File "C:\Users\stebin\AppData\Roaming\Python\Python312\site-packages\pluggy\_manager.py", line 120, in _hookexec
    |     return self._inner_hookexec(hook_name, methods, kwargs, firstresult)
    |            ^^^^^^^^^^^^^^^^^^^^^^^^^^^^^^^^^^^^^^^^^^^^^^^^^^^^^^^^^^^^^
    |   File "C:\Users\stebin\AppData\Roaming\Python\Python312\site-packages\pluggy\_callers.py", line 167, in _multicall
    |     raise exception
    |   File "C:\Users\stebin\AppData\Roaming\Python\Python312\site-packages\pluggy\_callers.py", line 139, in _multicall
    |     teardown.throw(exception)
    |   File "C:\Users\stebin\AppData\Roaming\Python\Python312\site-packages\_pytest\logging.py", line 850, in pytest_runtest_call
    |     yield
    |   File "C:\Users\stebin\AppData\Roaming\Python\Python312\site-packages\pluggy\_callers.py", line 139, in _multicall
    |     teardown.throw(exception)
    |   File "C:\Users\stebin\AppData\Roaming\Python\Python312\site-packages\_pytest\capture.py", line 900, in pytest_runtest_call
    |     return (yield)
    |             ^^^^^
    |   File "C:\Users\stebin\AppData\Roaming\Python\Python312\site-packages\pluggy\_callers.py", line 139, in _multicall
    |     teardown.throw(exception)
    |   File "C:\Users\stebin\AppData\Roaming\Python\Python312\site-packages\_pytest\skipping.py", line 263, in pytest_runtest_call
    |     return (yield)
    |             ^^^^^
    |   File "C:\Users\stebin\AppData\Roaming\Python\Python312\site-packages\pluggy\_callers.py", line 121, in _multicall
    |     res = hook_impl.function(*args)
    |           ^^^^^^^^^^^^^^^^^^^^^^^^^
    |   File "C:\Users\stebin\AppData\Roaming\Python\Python312\site-packages\_pytest\runner.py", line 178, in pytest_runtest_call
    |     item.runtest()
    |   File "C:\Users\stebin\AppData\Roaming\Python\Python312\site-packages\_pytest\python.py", line 1671, in runtest
    |     self.ihook.pytest_pyfunc_call(pyfuncitem=self)
    |   File "C:\Users\stebin\AppData\Roaming\Python\Python312\site-packages\pluggy\_hooks.py", line 512, in __call__
    |     return self._hookexec(self.name, self._hookimpls.copy(), kwargs, firstresult)
    |            ^^^^^^^^^^^^^^^^^^^^^^^^^^^^^^^^^^^^^^^^^^^^^^^^^^^^^^^^^^^^^^^^^^^^^^
    |   File "C:\Users\stebin\AppData\Roaming\Python\Python312\site-packages\pluggy\_manager.py", line 120, in _hookexec
    |     return self._inner_hookexec(hook_name, methods, kwargs, firstresult)
    |            ^^^^^^^^^^^^^^^^^^^^^^^^^^^^^^^^^^^^^^^^^^^^^^^^^^^^^^^^^^^^^
    |   File "C:\Users\stebin\AppData\Roaming\Python\Python312\site-packages\pluggy\_callers.py", line 167, in _multicall
    |     raise exception
    |   File "C:\Users\stebin\AppData\Roaming\Python\Python312\site-packages\pluggy\_callers.py", line 121, in _multicall
    |     res = hook_impl.function(*args)
    |           ^^^^^^^^^^^^^^^^^^^^^^^^^
    |   File "C:\Users\stebin\AppData\Roaming\Python\Python312\site-packages\_pytest\python.py", line 157, in pytest_pyfunc_call
    |     result = testfunction(**testargs)
    |              ^^^^^^^^^^^^^^^^^^^^^^^^
    |   File "C:\Users\stebin\OneDrive\Desktop\url shortener project\backend\test_api.py", line 66, in test_analytics_includes_total_clicks_and_last_accessed
    |     response = client.post("/api/urls", json={"url": "https://example.com"})
    |                ^^^^^^^^^^^^^^^^^^^^^^^^^^^^^^^^^^^^^^^^^^^^^^^^^^^^^^^^^^^^^
    |   File "C:\Users\stebin\AppData\Roaming\Python\Python312\site-packages\starlette\testclient.py", line 633, in post
    |     return super().post(
    |            ^^^^^^^^^^^^^
    |   File "C:\Users\stebin\AppData\Roaming\Python\Python312\site-packages\httpx\_client.py", line 1144, in post
    |     return self.request(
    |            ^^^^^^^^^^^^^
    |   File "C:\Users\stebin\AppData\Roaming\Python\Python312\site-packages\starlette\testclient.py", line 516, in request
    |     return super().request(
    |            ^^^^^^^^^^^^^^^^
    |   File "C:\Users\stebin\AppData\Roaming\Python\Python312\site-packages\httpx\_client.py", line 825, in request
    |     return self.send(request, auth=auth, follow_redirects=follow_redirects)
    |            ^^^^^^^^^^^^^^^^^^^^^^^^^^^^^^^^^^^^^^^^^^^^^^^^^^^^^^^^^^^^^^^^
    |   File "C:\Users\stebin\AppData\Roaming\Python\Python312\site-packages\httpx\_client.py", line 914, in send
    |     response = self._send_handling_auth(
    |                ^^^^^^^^^^^^^^^^^^^^^^^^^
    |   File "C:\Users\stebin\AppData\Roaming\Python\Python312\site-packages\httpx\_client.py", line 942, in _send_handling_auth
    |     response = self._send_handling_redirects(
    |                ^^^^^^^^^^^^^^^^^^^^^^^^^^^^^^
    |   File "C:\Users\stebin\AppData\Roaming\Python\Python312\site-packages\httpx\_client.py", line 979, in _send_handling_redirects
    |     response = self._send_single_request(request)
    |                ^^^^^^^^^^^^^^^^^^^^^^^^^^^^^^^^^^
    |   File "C:\Users\stebin\AppData\Roaming\Python\Python312\site-packages\httpx\_client.py", line 1014, in _send_single_request
    |     response = transport.handle_request(request)
    |                ^^^^^^^^^^^^^^^^^^^^^^^^^^^^^^^^^
    |   File "C:\Users\stebin\AppData\Roaming\Python\Python312\site-packages\starlette\testclient.py", line 398, in handle_request
    |     raise exc
    |   File "C:\Users\stebin\AppData\Roaming\Python\Python312\site-packages\starlette\testclient.py", line 395, in handle_request
    |     portal.call(self.app, scope, receive, send)
    |   File "C:\Users\stebin\AppData\Roaming\Python\Python312\site-packages\anyio\from_thread.py", line 334, in call
    |     return cast(T_Retval, self.start_task_soon(func, *args).result())
    |                           ^^^^^^^^^^^^^^^^^^^^^^^^^^^^^^^^^^^^^^^^^^
    |   File "C:\Program Files\Python312\Lib\concurrent\futures\_base.py", line 456, in result
    |     return self.__get_result()
    |            ^^^^^^^^^^^^^^^^^^^
    |   File "C:\Program Files\Python312\Lib\concurrent\futures\_base.py", line 401, in __get_result
    |     raise self._exception
    |   File "C:\Users\stebin\AppData\Roaming\Python\Python312\site-packages\anyio\from_thread.py", line 259, in _call_func
    |     retval = await retval_or_awaitable
    |              ^^^^^^^^^^^^^^^^^^^^^^^^^
    |   File "C:\Users\stebin\AppData\Roaming\Python\Python312\site-packages\fastapi\applications.py", line 1054, in __call__
    |     await super().__call__(scope, receive, send)
    |   File "C:\Users\stebin\AppData\Roaming\Python\Python312\site-packages\starlette\applications.py", line 123, in __call__
    |     await self.middleware_stack(scope, receive, send)
    |   File "C:\Users\stebin\AppData\Roaming\Python\Python312\site-packages\starlette\middleware\errors.py", line 186, in __call__
    |     raise exc
    |   File "C:\Users\stebin\AppData\Roaming\Python\Python312\site-packages\starlette\middleware\errors.py", line 164, in __call__
    |     await self.app(scope, receive, _send)
    |   File "C:\Users\stebin\AppData\Roaming\Python\Python312\site-packages\starlette\middleware\base.py", line 189, in __call__
    |     with collapse_excgroups():
    |   File "C:\Program Files\Python312\Lib\contextlib.py", line 158, in __exit__
    |     self.gen.throw(value)
    |   File "C:\Users\stebin\AppData\Roaming\Python\Python312\site-packages\starlette\_utils.py", line 93, in collapse_excgroups
    |     raise exc
    |   File "C:\Users\stebin\AppData\Roaming\Python\Python312\site-packages\starlette\middleware\base.py", line 191, in __call__
    |     response = await self.dispatch_func(request, call_next)
    |                      ^^^^^^^^^^^^^^^^^^^^^^^^^^^^^^^^^^^^^^
    |   File "C:\Users\stebin\OneDrive\Desktop\url shortener project\backend\main.py", line 29, in add_security_headers
    |     response.headers.update(
    |     ^^^^^^^^^^^^^^^^
    | AttributeError: 'coroutine' object has no attribute 'headers'
    +------------------------------------

During handling of the above exception, another exception occurred:

Traceback (most recent call last):
  File "C:\Users\stebin\OneDrive\Desktop\url shortener project\backend\test_api.py", line 66, in test_analytics_includes_total_clicks_and_last_accessed
    response = client.post("/api/urls", json={"url": "https://example.com"})
               ^^^^^^^^^^^^^^^^^^^^^^^^^^^^^^^^^^^^^^^^^^^^^^^^^^^^^^^^^^^^^
  File "C:\Users\stebin\AppData\Roaming\Python\Python312\site-packages\starlette\testclient.py", line 633, in post
    return super().post(
           ^^^^^^^^^^^^^
  File "C:\Users\stebin\AppData\Roaming\Python\Python312\site-packages\httpx\_client.py", line 1144, in post
    return self.request(
           ^^^^^^^^^^^^^
  File "C:\Users\stebin\AppData\Roaming\Python\Python312\site-packages\starlette\testclient.py", line 516, in request
    return super().request(
           ^^^^^^^^^^^^^^^^
  File "C:\Users\stebin\AppData\Roaming\Python\Python312\site-packages\httpx\_client.py", line 825, in request
    return self.send(request, auth=auth, follow_redirects=follow_redirects)
           ^^^^^^^^^^^^^^^^^^^^^^^^^^^^^^^^^^^^^^^^^^^^^^^^^^^^^^^^^^^^^^^^
  File "C:\Users\stebin\AppData\Roaming\Python\Python312\site-packages\httpx\_client.py", line 914, in send
    response = self._send_handling_auth(
               ^^^^^^^^^^^^^^^^^^^^^^^^^
  File "C:\Users\stebin\AppData\Roaming\Python\Python312\site-packages\httpx\_client.py", line 942, in _send_handling_auth
    response = self._send_handling_redirects(
               ^^^^^^^^^^^^^^^^^^^^^^^^^^^^^^
  File "C:\Users\stebin\AppData\Roaming\Python\Python312\site-packages\httpx\_client.py", line 979, in _send_handling_redirects
    response = self._send_single_request(request)
               ^^^^^^^^^^^^^^^^^^^^^^^^^^^^^^^^^^
  File "C:\Users\stebin\AppData\Roaming\Python\Python312\site-packages\httpx\_client.py", line 1014, in _send_single_request
    response = transport.handle_request(request)
               ^^^^^^^^^^^^^^^^^^^^^^^^^^^^^^^^^
  File "C:\Users\stebin\AppData\Roaming\Python\Python312\site-packages\starlette\testclient.py", line 398, in handle_request
    raise exc
  File "C:\Users\stebin\AppData\Roaming\Python\Python312\site-packages\starlette\testclient.py", line 395, in handle_request
    portal.call(self.app, scope, receive, send)
  File "C:\Users\stebin\AppData\Roaming\Python\Python312\site-packages\anyio\from_thread.py", line 334, in call
    return cast(T_Retval, self.start_task_soon(func, *args).result())
                          ^^^^^^^^^^^^^^^^^^^^^^^^^^^^^^^^^^^^^^^^^^
  File "C:\Program Files\Python312\Lib\concurrent\futures\_base.py", line 456, in result
    return self.__get_result()
           ^^^^^^^^^^^^^^^^^^^
  File "C:\Program Files\Python312\Lib\concurrent\futures\_base.py", line 401, in __get_result
    raise self._exception
  File "C:\Users\stebin\AppData\Roaming\Python\Python312\site-packages\anyio\from_thread.py", line 259, in _call_func
    retval = await retval_or_awaitable
             ^^^^^^^^^^^^^^^^^^^^^^^^^
  File "C:\Users\stebin\AppData\Roaming\Python\Python312\site-packages\fastapi\applications.py", line 1054, in __call__
    await super().__call__(scope, receive, send)
  File "C:\Users\stebin\AppData\Roaming\Python\Python312\site-packages\starlette\applications.py", line 123, in __call__
    await self.middleware_stack(scope, receive, send)
  File "C:\Users\stebin\AppData\Roaming\Python\Python312\site-packages\starlette\middleware\errors.py", line 186, in __call__
    raise exc
  File "C:\Users\stebin\AppData\Roaming\Python\Python312\site-packages\starlette\middleware\errors.py", line 164, in __call__
    await self.app(scope, receive, _send)
  File "C:\Users\stebin\AppData\Roaming\Python\Python312\site-packages\starlette\middleware\base.py", line 189, in __call__
    with collapse_excgroups():
  File "C:\Program Files\Python312\Lib\contextlib.py", line 158, in __exit__
    self.gen.throw(value)
  File "C:\Users\stebin\AppData\Roaming\Python\Python312\site-packages\starlette\_utils.py", line 93, in collapse_excgroups
    raise exc
  File "C:\Users\stebin\AppData\Roaming\Python\Python312\site-packages\starlette\middleware\base.py", line 191, in __call__
    response = await self.dispatch_func(request, call_next)
                     ^^^^^^^^^^^^^^^^^^^^^^^^^^^^^^^^^^^^^^
  File "C:\Users\stebin\OneDrive\Desktop\url shortener project\backend\main.py", line 29, in add_security_headers
    response.headers.update(
    ^^^^^^^^^^^^^^^^
AttributeError: 'coroutine' object has no attribute 'headers'

During handling of the above exception, another exception occurred:

tmp_path = WindowsPath('C:/Users/stebin/AppData/Local/Temp/pytest-of-stebin/pytest-3/test_analytics_includes_total_0')
monkeypatch = <_pytest.monkeypatch.MonkeyPatch object at 0x0000023750836840>

    def test_analytics_includes_total_clicks_and_last_accessed(tmp_path, monkeypatch):
        client = create_test_client(tmp_path, monkeypatch)
    
>       response = client.post("/api/urls", json={"url": "https://example.com"})
                   ^^^^^^^^^^^^^^^^^^^^^^^^^^^^^^^^^^^^^^^^^^^^^^^^^^^^^^^^^^^^^

test_api.py:66: 
_ _ _ _ _ _ _ _ _ _ _ _ _ _ _ _ _ _ _ _ _ _ _ _ _ _ _ _ _ _ _ _ _ _ _ _ _ _ _ _
..\..\..\..\AppData\Roaming\Python\Python312\site-packages\starlette\testclient.py:633: in post
    return super().post(
..\..\..\..\AppData\Roaming\Python\Python312\site-packages\httpx\_client.py:1144: in post
    return self.request(
..\..\..\..\AppData\Roaming\Python\Python312\site-packages\starlette\testclient.py:516: in request
    return super().request(
..\..\..\..\AppData\Roaming\Python\Python312\site-packages\httpx\_client.py:825: in request
    return self.send(request, auth=auth, follow_redirects=follow_redirects)
           ^^^^^^^^^^^^^^^^^^^^^^^^^^^^^^^^^^^^^^^^^^^^^^^^^^^^^^^^^^^^^^^^
..\..\..\..\AppData\Roaming\Python\Python312\site-packages\httpx\_client.py:914: in send
    response = self._send_handling_auth(
..\..\..\..\AppData\Roaming\Python\Python312\site-packages\httpx\_client.py:942: in _send_handling_auth
    response = self._send_handling_redirects(
..\..\..\..\AppData\Roaming\Python\Python312\site-packages\httpx\_client.py:979: in _send_handling_redirects
    response = self._send_single_request(request)
               ^^^^^^^^^^^^^^^^^^^^^^^^^^^^^^^^^^
..\..\..\..\AppData\Roaming\Python\Python312\site-packages\httpx\_client.py:1014: in _send_single_request
    response = transport.handle_request(request)
               ^^^^^^^^^^^^^^^^^^^^^^^^^^^^^^^^^
..\..\..\..\AppData\Roaming\Python\Python312\site-packages\starlette\testclient.py:398: in handle_request
    raise exc
..\..\..\..\AppData\Roaming\Python\Python312\site-packages\starlette\testclient.py:395: in handle_request
    portal.call(self.app, scope, receive, send)
..\..\..\..\AppData\Roaming\Python\Python312\site-packages\anyio\from_thread.py:334: in call
    return cast(T_Retval, self.start_task_soon(func, *args).result())
                          ^^^^^^^^^^^^^^^^^^^^^^^^^^^^^^^^^^^^^^^^^^
C:\Program Files\Python312\Lib\concurrent\futures\_base.py:456: in result
    return self.__get_result()
           ^^^^^^^^^^^^^^^^^^^
C:\Program Files\Python312\Lib\concurrent\futures\_base.py:401: in __get_result
    raise self._exception
..\..\..\..\AppData\Roaming\Python\Python312\site-packages\anyio\from_thread.py:259: in _call_func
    retval = await retval_or_awaitable
             ^^^^^^^^^^^^^^^^^^^^^^^^^
..\..\..\..\AppData\Roaming\Python\Python312\site-packages\fastapi\applications.py:1054: in __call__
    await super().__call__(scope, receive, send)
..\..\..\..\AppData\Roaming\Python\Python312\site-packages\starlette\applications.py:123: in __call__
    await self.middleware_stack(scope, receive, send)
..\..\..\..\AppData\Roaming\Python\Python312\site-packages\starlette\middleware\errors.py:186: in __call__
    raise exc
..\..\..\..\AppData\Roaming\Python\Python312\site-packages\starlette\middleware\errors.py:164: in __call__
    await self.app(scope, receive, _send)
..\..\..\..\AppData\Roaming\Python\Python312\site-packages\starlette\middleware\base.py:189: in __call__
    with collapse_excgroups():
C:\Program Files\Python312\Lib\contextlib.py:158: in __exit__
    self.gen.throw(value)
..\..\..\..\AppData\Roaming\Python\Python312\site-packages\starlette\_utils.py:93: in collapse_excgroups
    raise exc
..\..\..\..\AppData\Roaming\Python\Python312\site-packages\starlette\middleware\base.py:191: in __call__
    response = await self.dispatch_func(request, call_next)
                     ^^^^^^^^^^^^^^^^^^^^^^^^^^^^^^^^^^^^^^
_ _ _ _ _ _ _ _ _ _ _ _ _ _ _ _ _ _ _ _ _ _ _ _ _ _ _ _ _ _ _ _ _ _ _ _ _ _ _ _

request = <starlette.middleware.base._CachedRequest object at 0x0000023750869AC0>
call_next = <function BaseHTTPMiddleware.__call__.<locals>.call_next at 0x0000023750827600>

    @app.middleware("http")
    def add_security_headers(request, call_next):
        response = call_next(request)
>       response.headers.update(
        ^^^^^^^^^^^^^^^^
            {
                "X-Content-Type-Options": "nosniff",
                "X-Frame-Options": "DENY",
                "Referrer-Policy": "strict-origin-when-cross-origin",
            }
        )
E       AttributeError: 'coroutine' object has no attribute 'headers'

main.py:29: AttributeError
___________________________ test_redirect_not_found ___________________________
  + Exception Group Traceback (most recent call last):
  |   File "C:\Users\stebin\AppData\Roaming\Python\Python312\site-packages\starlette\_utils.py", line 87, in collapse_excgroups
  |     yield
  |   File "C:\Users\stebin\AppData\Roaming\Python\Python312\site-packages\starlette\middleware\base.py", line 190, in __call__
  |     async with anyio.create_task_group() as task_group:
  |   File "C:\Users\stebin\AppData\Roaming\Python\Python312\site-packages\anyio\_backends\_asyncio.py", line 799, in __aexit__
  |     raise BaseExceptionGroup(
  | ExceptionGroup: unhandled errors in a TaskGroup (1 sub-exception)
  +-+---------------- 1 ----------------
    | Traceback (most recent call last):
    |   File "C:\Users\stebin\AppData\Roaming\Python\Python312\site-packages\_pytest\runner.py", line 344, in from_call
    |     result: TResult | None = func()
    |                              ^^^^^^
    |   File "C:\Users\stebin\AppData\Roaming\Python\Python312\site-packages\_pytest\runner.py", line 246, in <lambda>
    |     lambda: runtest_hook(item=item, **kwds), when=when, reraise=reraise
    |             ^^^^^^^^^^^^^^^^^^^^^^^^^^^^^^^
    |   File "C:\Users\stebin\AppData\Roaming\Python\Python312\site-packages\pluggy\_hooks.py", line 512, in __call__
    |     return self._hookexec(self.name, self._hookimpls.copy(), kwargs, firstresult)
    |            ^^^^^^^^^^^^^^^^^^^^^^^^^^^^^^^^^^^^^^^^^^^^^^^^^^^^^^^^^^^^^^^^^^^^^^
    |   File "C:\Users\stebin\AppData\Roaming\Python\Python312\site-packages\pluggy\_manager.py", line 120, in _hookexec
    |     return self._inner_hookexec(hook_name, methods, kwargs, firstresult)
    |            ^^^^^^^^^^^^^^^^^^^^^^^^^^^^^^^^^^^^^^^^^^^^^^^^^^^^^^^^^^^^^
    |   File "C:\Users\stebin\AppData\Roaming\Python\Python312\site-packages\pluggy\_callers.py", line 167, in _multicall
    |     raise exception
    |   File "C:\Users\stebin\AppData\Roaming\Python\Python312\site-packages\pluggy\_callers.py", line 139, in _multicall
    |     teardown.throw(exception)
    |   File "C:\Users\stebin\AppData\Roaming\Python\Python312\site-packages\_pytest\logging.py", line 850, in pytest_runtest_call
    |     yield
    |   File "C:\Users\stebin\AppData\Roaming\Python\Python312\site-packages\pluggy\_callers.py", line 139, in _multicall
    |     teardown.throw(exception)
    |   File "C:\Users\stebin\AppData\Roaming\Python\Python312\site-packages\_pytest\capture.py", line 900, in pytest_runtest_call
    |     return (yield)
    |             ^^^^^
    |   File "C:\Users\stebin\AppData\Roaming\Python\Python312\site-packages\pluggy\_callers.py", line 139, in _multicall
    |     teardown.throw(exception)
    |   File "C:\Users\stebin\AppData\Roaming\Python\Python312\site-packages\_pytest\skipping.py", line 263, in pytest_runtest_call
    |     return (yield)
    |             ^^^^^
    |   File "C:\Users\stebin\AppData\Roaming\Python\Python312\site-packages\pluggy\_callers.py", line 121, in _multicall
    |     res = hook_impl.function(*args)
    |           ^^^^^^^^^^^^^^^^^^^^^^^^^
    |   File "C:\Users\stebin\AppData\Roaming\Python\Python312\site-packages\_pytest\runner.py", line 178, in pytest_runtest_call
    |     item.runtest()
    |   File "C:\Users\stebin\AppData\Roaming\Python\Python312\site-packages\_pytest\python.py", line 1671, in runtest
    |     self.ihook.pytest_pyfunc_call(pyfuncitem=self)
    |   File "C:\Users\stebin\AppData\Roaming\Python\Python312\site-packages\pluggy\_hooks.py", line 512, in __call__
    |     return self._hookexec(self.name, self._hookimpls.copy(), kwargs, firstresult)
    |            ^^^^^^^^^^^^^^^^^^^^^^^^^^^^^^^^^^^^^^^^^^^^^^^^^^^^^^^^^^^^^^^^^^^^^^
    |   File "C:\Users\stebin\AppData\Roaming\Python\Python312\site-packages\pluggy\_manager.py", line 120, in _hookexec
    |     return self._inner_hookexec(hook_name, methods, kwargs, firstresult)
    |            ^^^^^^^^^^^^^^^^^^^^^^^^^^^^^^^^^^^^^^^^^^^^^^^^^^^^^^^^^^^^^
    |   File "C:\Users\stebin\AppData\Roaming\Python\Python312\site-packages\pluggy\_callers.py", line 167, in _multicall
    |     raise exception
    |   File "C:\Users\stebin\AppData\Roaming\Python\Python312\site-packages\pluggy\_callers.py", line 121, in _multicall
    |     res = hook_impl.function(*args)
    |           ^^^^^^^^^^^^^^^^^^^^^^^^^
    |   File "C:\Users\stebin\AppData\Roaming\Python\Python312\site-packages\_pytest\python.py", line 157, in pytest_pyfunc_call
    |     result = testfunction(**testargs)
    |              ^^^^^^^^^^^^^^^^^^^^^^^^
    |   File "C:\Users\stebin\OneDrive\Desktop\url shortener project\backend\test_api.py", line 83, in test_redirect_not_found
    |     response = client.get("/not-a-code")
    |                ^^^^^^^^^^^^^^^^^^^^^^^^^
    |   File "C:\Users\stebin\AppData\Roaming\Python\Python312\site-packages\starlette\testclient.py", line 548, in get
    |     return super().get(
    |            ^^^^^^^^^^^^
    |   File "C:\Users\stebin\AppData\Roaming\Python\Python312\site-packages\httpx\_client.py", line 1053, in get
    |     return self.request(
    |            ^^^^^^^^^^^^^
    |   File "C:\Users\stebin\AppData\Roaming\Python\Python312\site-packages\starlette\testclient.py", line 516, in request
    |     return super().request(
    |            ^^^^^^^^^^^^^^^^
    |   File "C:\Users\stebin\AppData\Roaming\Python\Python312\site-packages\httpx\_client.py", line 825, in request
    |     return self.send(request, auth=auth, follow_redirects=follow_redirects)
    |            ^^^^^^^^^^^^^^^^^^^^^^^^^^^^^^^^^^^^^^^^^^^^^^^^^^^^^^^^^^^^^^^^
    |   File "C:\Users\stebin\AppData\Roaming\Python\Python312\site-packages\httpx\_client.py", line 914, in send
    |     response = self._send_handling_auth(
    |                ^^^^^^^^^^^^^^^^^^^^^^^^^
    |   File "C:\Users\stebin\AppData\Roaming\Python\Python312\site-packages\httpx\_client.py", line 942, in _send_handling_auth
    |     response = self._send_handling_redirects(
    |                ^^^^^^^^^^^^^^^^^^^^^^^^^^^^^^
    |   File "C:\Users\stebin\AppData\Roaming\Python\Python312\site-packages\httpx\_client.py", line 979, in _send_handling_redirects
    |     response = self._send_single_request(request)
    |                ^^^^^^^^^^^^^^^^^^^^^^^^^^^^^^^^^^
    |   File "C:\Users\stebin\AppData\Roaming\Python\Python312\site-packages\httpx\_client.py", line 1014, in _send_single_request
    |     response = transport.handle_request(request)
    |                ^^^^^^^^^^^^^^^^^^^^^^^^^^^^^^^^^
    |   File "C:\Users\stebin\AppData\Roaming\Python\Python312\site-packages\starlette\testclient.py", line 398, in handle_request
    |     raise exc
    |   File "C:\Users\stebin\AppData\Roaming\Python\Python312\site-packages\starlette\testclient.py", line 395, in handle_request
    |     portal.call(self.app, scope, receive, send)
    |   File "C:\Users\stebin\AppData\Roaming\Python\Python312\site-packages\anyio\from_thread.py", line 334, in call
    |     return cast(T_Retval, self.start_task_soon(func, *args).result())
    |                           ^^^^^^^^^^^^^^^^^^^^^^^^^^^^^^^^^^^^^^^^^^
    |   File "C:\Program Files\Python312\Lib\concurrent\futures\_base.py", line 449, in result
    |     return self.__get_result()
    |            ^^^^^^^^^^^^^^^^^^^
    |   File "C:\Program Files\Python312\Lib\concurrent\futures\_base.py", line 401, in __get_result
    |     raise self._exception
    |   File "C:\Users\stebin\AppData\Roaming\Python\Python312\site-packages\anyio\from_thread.py", line 259, in _call_func
    |     retval = await retval_or_awaitable
    |              ^^^^^^^^^^^^^^^^^^^^^^^^^
    |   File "C:\Users\stebin\AppData\Roaming\Python\Python312\site-packages\fastapi\applications.py", line 1054, in __call__
    |     await super().__call__(scope, receive, send)
    |   File "C:\Users\stebin\AppData\Roaming\Python\Python312\site-packages\starlette\applications.py", line 123, in __call__
    |     await self.middleware_stack(scope, receive, send)
    |   File "C:\Users\stebin\AppData\Roaming\Python\Python312\site-packages\starlette\middleware\errors.py", line 186, in __call__
    |     raise exc
    |   File "C:\Users\stebin\AppData\Roaming\Python\Python312\site-packages\starlette\middleware\errors.py", line 164, in __call__
    |     await self.app(scope, receive, _send)
    |   File "C:\Users\stebin\AppData\Roaming\Python\Python312\site-packages\starlette\middleware\base.py", line 189, in __call__
    |     with collapse_excgroups():
    |   File "C:\Program Files\Python312\Lib\contextlib.py", line 158, in __exit__
    |     self.gen.throw(value)
    |   File "C:\Users\stebin\AppData\Roaming\Python\Python312\site-packages\starlette\_utils.py", line 93, in collapse_excgroups
    |     raise exc
    |   File "C:\Users\stebin\AppData\Roaming\Python\Python312\site-packages\starlette\middleware\base.py", line 191, in __call__
    |     response = await self.dispatch_func(request, call_next)
    |                      ^^^^^^^^^^^^^^^^^^^^^^^^^^^^^^^^^^^^^^
    |   File "C:\Users\stebin\OneDrive\Desktop\url shortener project\backend\main.py", line 29, in add_security_headers
    |     response.headers.update(
    |     ^^^^^^^^^^^^^^^^
    | AttributeError: 'coroutine' object has no attribute 'headers'
    +------------------------------------

During handling of the above exception, another exception occurred:

Traceback (most recent call last):
  File "C:\Users\stebin\OneDrive\Desktop\url shortener project\backend\test_api.py", line 83, in test_redirect_not_found
    response = client.get("/not-a-code")
               ^^^^^^^^^^^^^^^^^^^^^^^^^
  File "C:\Users\stebin\AppData\Roaming\Python\Python312\site-packages\starlette\testclient.py", line 548, in get
    return super().get(
           ^^^^^^^^^^^^
  File "C:\Users\stebin\AppData\Roaming\Python\Python312\site-packages\httpx\_client.py", line 1053, in get
    return self.request(
           ^^^^^^^^^^^^^
  File "C:\Users\stebin\AppData\Roaming\Python\Python312\site-packages\starlette\testclient.py", line 516, in request
    return super().request(
           ^^^^^^^^^^^^^^^^
  File "C:\Users\stebin\AppData\Roaming\Python\Python312\site-packages\httpx\_client.py", line 825, in request
    return self.send(request, auth=auth, follow_redirects=follow_redirects)
           ^^^^^^^^^^^^^^^^^^^^^^^^^^^^^^^^^^^^^^^^^^^^^^^^^^^^^^^^^^^^^^^^
  File "C:\Users\stebin\AppData\Roaming\Python\Python312\site-packages\httpx\_client.py", line 914, in send
    response = self._send_handling_auth(
               ^^^^^^^^^^^^^^^^^^^^^^^^^
  File "C:\Users\stebin\AppData\Roaming\Python\Python312\site-packages\httpx\_client.py", line 942, in _send_handling_auth
    response = self._send_handling_redirects(
               ^^^^^^^^^^^^^^^^^^^^^^^^^^^^^^
  File "C:\Users\stebin\AppData\Roaming\Python\Python312\site-packages\httpx\_client.py", line 979, in _send_handling_redirects
    response = self._send_single_request(request)
               ^^^^^^^^^^^^^^^^^^^^^^^^^^^^^^^^^^
  File "C:\Users\stebin\AppData\Roaming\Python\Python312\site-packages\httpx\_client.py", line 1014, in _send_single_request
    response = transport.handle_request(request)
               ^^^^^^^^^^^^^^^^^^^^^^^^^^^^^^^^^
  File "C:\Users\stebin\AppData\Roaming\Python\Python312\site-packages\starlette\testclient.py", line 398, in handle_request
    raise exc
  File "C:\Users\stebin\AppData\Roaming\Python\Python312\site-packages\starlette\testclient.py", line 395, in handle_request
    portal.call(self.app, scope, receive, send)
  File "C:\Users\stebin\AppData\Roaming\Python\Python312\site-packages\anyio\from_thread.py", line 334, in call
    return cast(T_Retval, self.start_task_soon(func, *args).result())
                          ^^^^^^^^^^^^^^^^^^^^^^^^^^^^^^^^^^^^^^^^^^
  File "C:\Program Files\Python312\Lib\concurrent\futures\_base.py", line 449, in result
    return self.__get_result()
           ^^^^^^^^^^^^^^^^^^^
  File "C:\Program Files\Python312\Lib\concurrent\futures\_base.py", line 401, in __get_result
    raise self._exception
  File "C:\Users\stebin\AppData\Roaming\Python\Python312\site-packages\anyio\from_thread.py", line 259, in _call_func
    retval = await retval_or_awaitable
             ^^^^^^^^^^^^^^^^^^^^^^^^^
  File "C:\Users\stebin\AppData\Roaming\Python\Python312\site-packages\fastapi\applications.py", line 1054, in __call__
    await super().__call__(scope, receive, send)
  File "C:\Users\stebin\AppData\Roaming\Python\Python312\site-packages\starlette\applications.py", line 123, in __call__
    await self.middleware_stack(scope, receive, send)
  File "C:\Users\stebin\AppData\Roaming\Python\Python312\site-packages\starlette\middleware\errors.py", line 186, in __call__
    raise exc
  File "C:\Users\stebin\AppData\Roaming\Python\Python312\site-packages\starlette\middleware\errors.py", line 164, in __call__
    await self.app(scope, receive, _send)
  File "C:\Users\stebin\AppData\Roaming\Python\Python312\site-packages\starlette\middleware\base.py", line 189, in __call__
    with collapse_excgroups():
  File "C:\Program Files\Python312\Lib\contextlib.py", line 158, in __exit__
    self.gen.throw(value)
  File "C:\Users\stebin\AppData\Roaming\Python\Python312\site-packages\starlette\_utils.py", line 93, in collapse_excgroups
    raise exc
  File "C:\Users\stebin\AppData\Roaming\Python\Python312\site-packages\starlette\middleware\base.py", line 191, in __call__
    response = await self.dispatch_func(request, call_next)
                     ^^^^^^^^^^^^^^^^^^^^^^^^^^^^^^^^^^^^^^
  File "C:\Users\stebin\OneDrive\Desktop\url shortener project\backend\main.py", line 29, in add_security_headers
    response.headers.update(
    ^^^^^^^^^^^^^^^^
AttributeError: 'coroutine' object has no attribute 'headers'

During handling of the above exception, another exception occurred:

tmp_path = WindowsPath('C:/Users/stebin/AppData/Local/Temp/pytest-of-stebin/pytest-3/test_redirect_not_found0')
monkeypatch = <_pytest.monkeypatch.MonkeyPatch object at 0x000002375086BFB0>

    def test_redirect_not_found(tmp_path, monkeypatch):
        client = create_test_client(tmp_path, monkeypatch)
    
>       response = client.get("/not-a-code")
                   ^^^^^^^^^^^^^^^^^^^^^^^^^

test_api.py:83: 
_ _ _ _ _ _ _ _ _ _ _ _ _ _ _ _ _ _ _ _ _ _ _ _ _ _ _ _ _ _ _ _ _ _ _ _ _ _ _ _
..\..\..\..\AppData\Roaming\Python\Python312\site-packages\starlette\testclient.py:548: in get
    return super().get(
..\..\..\..\AppData\Roaming\Python\Python312\site-packages\httpx\_client.py:1053: in get
    return self.request(
..\..\..\..\AppData\Roaming\Python\Python312\site-packages\starlette\testclient.py:516: in request
    return super().request(
..\..\..\..\AppData\Roaming\Python\Python312\site-packages\httpx\_client.py:825: in request
    return self.send(request, auth=auth, follow_redirects=follow_redirects)
           ^^^^^^^^^^^^^^^^^^^^^^^^^^^^^^^^^^^^^^^^^^^^^^^^^^^^^^^^^^^^^^^^
..\..\..\..\AppData\Roaming\Python\Python312\site-packages\httpx\_client.py:914: in send
    response = self._send_handling_auth(
..\..\..\..\AppData\Roaming\Python\Python312\site-packages\httpx\_client.py:942: in _send_handling_auth
    response = self._send_handling_redirects(
..\..\..\..\AppData\Roaming\Python\Python312\site-packages\httpx\_client.py:979: in _send_handling_redirects
    response = self._send_single_request(request)
               ^^^^^^^^^^^^^^^^^^^^^^^^^^^^^^^^^^
..\..\..\..\AppData\Roaming\Python\Python312\site-packages\httpx\_client.py:1014: in _send_single_request
    response = transport.handle_request(request)
               ^^^^^^^^^^^^^^^^^^^^^^^^^^^^^^^^^
..\..\..\..\AppData\Roaming\Python\Python312\site-packages\starlette\testclient.py:398: in handle_request
    raise exc
..\..\..\..\AppData\Roaming\Python\Python312\site-packages\starlette\testclient.py:395: in handle_request
    portal.call(self.app, scope, receive, send)
..\..\..\..\AppData\Roaming\Python\Python312\site-packages\anyio\from_thread.py:334: in call
    return cast(T_Retval, self.start_task_soon(func, *args).result())
                          ^^^^^^^^^^^^^^^^^^^^^^^^^^^^^^^^^^^^^^^^^^
C:\Program Files\Python312\Lib\concurrent\futures\_base.py:449: in result
    return self.__get_result()
           ^^^^^^^^^^^^^^^^^^^
C:\Program Files\Python312\Lib\concurrent\futures\_base.py:401: in __get_result
    raise self._exception
..\..\..\..\AppData\Roaming\Python\Python312\site-packages\anyio\from_thread.py:259: in _call_func
    retval = await retval_or_awaitable
             ^^^^^^^^^^^^^^^^^^^^^^^^^
..\..\..\..\AppData\Roaming\Python\Python312\site-packages\fastapi\applications.py:1054: in __call__
    await super().__call__(scope, receive, send)
..\..\..\..\AppData\Roaming\Python\Python312\site-packages\starlette\applications.py:123: in __call__
    await self.middleware_stack(scope, receive, send)
..\..\..\..\AppData\Roaming\Python\Python312\site-packages\starlette\middleware\errors.py:186: in __call__
    raise exc
..\..\..\..\AppData\Roaming\Python\Python312\site-packages\starlette\middleware\errors.py:164: in __call__
    await self.app(scope, receive, _send)
..\..\..\..\AppData\Roaming\Python\Python312\site-packages\starlette\middleware\base.py:189: in __call__
    with collapse_excgroups():
C:\Program Files\Python312\Lib\contextlib.py:158: in __exit__
    self.gen.throw(value)
..\..\..\..\AppData\Roaming\Python\Python312\site-packages\starlette\_utils.py:93: in collapse_excgroups
    raise exc
..\..\..\..\AppData\Roaming\Python\Python312\site-packages\starlette\middleware\base.py:191: in __call__
    response = await self.dispatch_func(request, call_next)
                     ^^^^^^^^^^^^^^^^^^^^^^^^^^^^^^^^^^^^^^
_ _ _ _ _ _ _ _ _ _ _ _ _ _ _ _ _ _ _ _ _ _ _ _ _ _ _ _ _ _ _ _ _ _ _ _ _ _ _ _

request = <starlette.middleware.base._CachedRequest object at 0x000002375082C7A0>
call_next = <function BaseHTTPMiddleware.__call__.<locals>.call_next at 0x0000023750865DA0>

    @app.middleware("http")
    def add_security_headers(request, call_next):
        response = call_next(request)
>       response.headers.update(
        ^^^^^^^^^^^^^^^^
            {
                "X-Content-Type-Options": "nosniff",
                "X-Frame-Options": "DENY",
                "Referrer-Policy": "strict-origin-when-cross-origin",
            }
        )
E       AttributeError: 'coroutine' object has no attribute 'headers'

main.py:29: AttributeError
__________________________ test_create_and_redirect ___________________________
  + Exception Group Traceback (most recent call last):
  |   File "C:\Users\stebin\AppData\Roaming\Python\Python312\site-packages\starlette\_utils.py", line 87, in collapse_excgroups
  |     yield
  |   File "C:\Users\stebin\AppData\Roaming\Python\Python312\site-packages\starlette\middleware\base.py", line 190, in __call__
  |     async with anyio.create_task_group() as task_group:
  |   File "C:\Users\stebin\AppData\Roaming\Python\Python312\site-packages\anyio\_backends\_asyncio.py", line 799, in __aexit__
  |     raise BaseExceptionGroup(
  | ExceptionGroup: unhandled errors in a TaskGroup (1 sub-exception)
  +-+---------------- 1 ----------------
    | Traceback (most recent call last):
    |   File "C:\Users\stebin\AppData\Roaming\Python\Python312\site-packages\_pytest\runner.py", line 344, in from_call
    |     result: TResult | None = func()
    |                              ^^^^^^
    |   File "C:\Users\stebin\AppData\Roaming\Python\Python312\site-packages\_pytest\runner.py", line 246, in <lambda>
    |     lambda: runtest_hook(item=item, **kwds), when=when, reraise=reraise
    |             ^^^^^^^^^^^^^^^^^^^^^^^^^^^^^^^
    |   File "C:\Users\stebin\AppData\Roaming\Python\Python312\site-packages\pluggy\_hooks.py", line 512, in __call__
    |     return self._hookexec(self.name, self._hookimpls.copy(), kwargs, firstresult)
    |            ^^^^^^^^^^^^^^^^^^^^^^^^^^^^^^^^^^^^^^^^^^^^^^^^^^^^^^^^^^^^^^^^^^^^^^
    |   File "C:\Users\stebin\AppData\Roaming\Python\Python312\site-packages\pluggy\_manager.py", line 120, in _hookexec
    |     return self._inner_hookexec(hook_name, methods, kwargs, firstresult)
    |            ^^^^^^^^^^^^^^^^^^^^^^^^^^^^^^^^^^^^^^^^^^^^^^^^^^^^^^^^^^^^^
    |   File "C:\Users\stebin\AppData\Roaming\Python\Python312\site-packages\pluggy\_callers.py", line 167, in _multicall
    |     raise exception
    |   File "C:\Users\stebin\AppData\Roaming\Python\Python312\site-packages\pluggy\_callers.py", line 139, in _multicall
    |     teardown.throw(exception)
    |   File "C:\Users\stebin\AppData\Roaming\Python\Python312\site-packages\_pytest\logging.py", line 850, in pytest_runtest_call
    |     yield
    |   File "C:\Users\stebin\AppData\Roaming\Python\Python312\site-packages\pluggy\_callers.py", line 139, in _multicall
    |     teardown.throw(exception)
    |   File "C:\Users\stebin\AppData\Roaming\Python\Python312\site-packages\_pytest\capture.py", line 900, in pytest_runtest_call
    |     return (yield)
    |             ^^^^^
    |   File "C:\Users\stebin\AppData\Roaming\Python\Python312\site-packages\pluggy\_callers.py", line 139, in _multicall
    |     teardown.throw(exception)
    |   File "C:\Users\stebin\AppData\Roaming\Python\Python312\site-packages\_pytest\skipping.py", line 263, in pytest_runtest_call
    |     return (yield)
    |             ^^^^^
    |   File "C:\Users\stebin\AppData\Roaming\Python\Python312\site-packages\pluggy\_callers.py", line 121, in _multicall
    |     res = hook_impl.function(*args)
    |           ^^^^^^^^^^^^^^^^^^^^^^^^^
    |   File "C:\Users\stebin\AppData\Roaming\Python\Python312\site-packages\_pytest\runner.py", line 178, in pytest_runtest_call
    |     item.runtest()
    |   File "C:\Users\stebin\AppData\Roaming\Python\Python312\site-packages\_pytest\python.py", line 1671, in runtest
    |     self.ihook.pytest_pyfunc_call(pyfuncitem=self)
    |   File "C:\Users\stebin\AppData\Roaming\Python\Python312\site-packages\pluggy\_hooks.py", line 512, in __call__
    |     return self._hookexec(self.name, self._hookimpls.copy(), kwargs, firstresult)
    |            ^^^^^^^^^^^^^^^^^^^^^^^^^^^^^^^^^^^^^^^^^^^^^^^^^^^^^^^^^^^^^^^^^^^^^^
    |   File "C:\Users\stebin\AppData\Roaming\Python\Python312\site-packages\pluggy\_manager.py", line 120, in _hookexec
    |     return self._inner_hookexec(hook_name, methods, kwargs, firstresult)
    |            ^^^^^^^^^^^^^^^^^^^^^^^^^^^^^^^^^^^^^^^^^^^^^^^^^^^^^^^^^^^^^
    |   File "C:\Users\stebin\AppData\Roaming\Python\Python312\site-packages\pluggy\_callers.py", line 167, in _multicall
    |     raise exception
    |   File "C:\Users\stebin\AppData\Roaming\Python\Python312\site-packages\pluggy\_callers.py", line 121, in _multicall
    |     res = hook_impl.function(*args)
    |           ^^^^^^^^^^^^^^^^^^^^^^^^^
    |   File "C:\Users\stebin\AppData\Roaming\Python\Python312\site-packages\_pytest\python.py", line 157, in pytest_pyfunc_call
    |     result = testfunction(**testargs)
    |              ^^^^^^^^^^^^^^^^^^^^^^^^
    |   File "C:\Users\stebin\OneDrive\Desktop\url shortener project\backend\test_main.py", line 9, in test_create_and_redirect
    |     response = client.post("/api/urls", json={"url": "https://example.com"})
    |                ^^^^^^^^^^^^^^^^^^^^^^^^^^^^^^^^^^^^^^^^^^^^^^^^^^^^^^^^^^^^^
    |   File "C:\Users\stebin\AppData\Roaming\Python\Python312\site-packages\starlette\testclient.py", line 633, in post
    |     return super().post(
    |            ^^^^^^^^^^^^^
    |   File "C:\Users\stebin\AppData\Roaming\Python\Python312\site-packages\httpx\_client.py", line 1144, in post
    |     return self.request(
    |            ^^^^^^^^^^^^^
    |   File "C:\Users\stebin\AppData\Roaming\Python\Python312\site-packages\starlette\testclient.py", line 516, in request
    |     return super().request(
    |            ^^^^^^^^^^^^^^^^
    |   File "C:\Users\stebin\AppData\Roaming\Python\Python312\site-packages\httpx\_client.py", line 825, in request
    |     return self.send(request, auth=auth, follow_redirects=follow_redirects)
    |            ^^^^^^^^^^^^^^^^^^^^^^^^^^^^^^^^^^^^^^^^^^^^^^^^^^^^^^^^^^^^^^^^
    |   File "C:\Users\stebin\AppData\Roaming\Python\Python312\site-packages\httpx\_client.py", line 914, in send
    |     response = self._send_handling_auth(
    |                ^^^^^^^^^^^^^^^^^^^^^^^^^
    |   File "C:\Users\stebin\AppData\Roaming\Python\Python312\site-packages\httpx\_client.py", line 942, in _send_handling_auth
    |     response = self._send_handling_redirects(
    |                ^^^^^^^^^^^^^^^^^^^^^^^^^^^^^^
    |   File "C:\Users\stebin\AppData\Roaming\Python\Python312\site-packages\httpx\_client.py", line 979, in _send_handling_redirects
    |     response = self._send_single_request(request)
    |                ^^^^^^^^^^^^^^^^^^^^^^^^^^^^^^^^^^
    |   File "C:\Users\stebin\AppData\Roaming\Python\Python312\site-packages\httpx\_client.py", line 1014, in _send_single_request
    |     response = transport.handle_request(request)
    |                ^^^^^^^^^^^^^^^^^^^^^^^^^^^^^^^^^
    |   File "C:\Users\stebin\AppData\Roaming\Python\Python312\site-packages\starlette\testclient.py", line 398, in handle_request
    |     raise exc
    |   File "C:\Users\stebin\AppData\Roaming\Python\Python312\site-packages\starlette\testclient.py", line 395, in handle_request
    |     portal.call(self.app, scope, receive, send)
    |   File "C:\Users\stebin\AppData\Roaming\Python\Python312\site-packages\anyio\from_thread.py", line 334, in call
    |     return cast(T_Retval, self.start_task_soon(func, *args).result())
    |                           ^^^^^^^^^^^^^^^^^^^^^^^^^^^^^^^^^^^^^^^^^^
    |   File "C:\Program Files\Python312\Lib\concurrent\futures\_base.py", line 449, in result
    |     return self.__get_result()
    |            ^^^^^^^^^^^^^^^^^^^
    |   File "C:\Program Files\Python312\Lib\concurrent\futures\_base.py", line 401, in __get_result
    |     raise self._exception
    |   File "C:\Users\stebin\AppData\Roaming\Python\Python312\site-packages\anyio\from_thread.py", line 259, in _call_func
    |     retval = await retval_or_awaitable
    |              ^^^^^^^^^^^^^^^^^^^^^^^^^
    |   File "C:\Users\stebin\AppData\Roaming\Python\Python312\site-packages\fastapi\applications.py", line 1054, in __call__
    |     await super().__call__(scope, receive, send)
    |   File "C:\Users\stebin\AppData\Roaming\Python\Python312\site-packages\starlette\applications.py", line 123, in __call__
    |     await self.middleware_stack(scope, receive, send)
    |   File "C:\Users\stebin\AppData\Roaming\Python\Python312\site-packages\starlette\middleware\errors.py", line 186, in __call__
    |     raise exc
    |   File "C:\Users\stebin\AppData\Roaming\Python\Python312\site-packages\starlette\middleware\errors.py", line 164, in __call__
    |     await self.app(scope, receive, _send)
    |   File "C:\Users\stebin\AppData\Roaming\Python\Python312\site-packages\starlette\middleware\base.py", line 189, in __call__
    |     with collapse_excgroups():
    |   File "C:\Program Files\Python312\Lib\contextlib.py", line 158, in __exit__
    |     self.gen.throw(value)
    |   File "C:\Users\stebin\AppData\Roaming\Python\Python312\site-packages\starlette\_utils.py", line 93, in collapse_excgroups
    |     raise exc
    |   File "C:\Users\stebin\AppData\Roaming\Python\Python312\site-packages\starlette\middleware\base.py", line 191, in __call__
    |     response = await self.dispatch_func(request, call_next)
    |                      ^^^^^^^^^^^^^^^^^^^^^^^^^^^^^^^^^^^^^^
    |   File "C:\Users\stebin\OneDrive\Desktop\url shortener project\backend\main.py", line 29, in add_security_headers
    |     response.headers.update(
    |     ^^^^^^^^^^^^^^^^
    | AttributeError: 'coroutine' object has no attribute 'headers'
    +------------------------------------

During handling of the above exception, another exception occurred:

Traceback (most recent call last):
  File "C:\Users\stebin\OneDrive\Desktop\url shortener project\backend\test_main.py", line 9, in test_create_and_redirect
    response = client.post("/api/urls", json={"url": "https://example.com"})
               ^^^^^^^^^^^^^^^^^^^^^^^^^^^^^^^^^^^^^^^^^^^^^^^^^^^^^^^^^^^^^
  File "C:\Users\stebin\AppData\Roaming\Python\Python312\site-packages\starlette\testclient.py", line 633, in post
    return super().post(
           ^^^^^^^^^^^^^
  File "C:\Users\stebin\AppData\Roaming\Python\Python312\site-packages\httpx\_client.py", line 1144, in post
    return self.request(
           ^^^^^^^^^^^^^
  File "C:\Users\stebin\AppData\Roaming\Python\Python312\site-packages\starlette\testclient.py", line 516, in request
    return super().request(
           ^^^^^^^^^^^^^^^^
  File "C:\Users\stebin\AppData\Roaming\Python\Python312\site-packages\httpx\_client.py", line 825, in request
    return self.send(request, auth=auth, follow_redirects=follow_redirects)
           ^^^^^^^^^^^^^^^^^^^^^^^^^^^^^^^^^^^^^^^^^^^^^^^^^^^^^^^^^^^^^^^^
  File "C:\Users\stebin\AppData\Roaming\Python\Python312\site-packages\httpx\_client.py", line 914, in send
    response = self._send_handling_auth(
               ^^^^^^^^^^^^^^^^^^^^^^^^^
  File "C:\Users\stebin\AppData\Roaming\Python\Python312\site-packages\httpx\_client.py", line 942, in _send_handling_auth
    response = self._send_handling_redirects(
               ^^^^^^^^^^^^^^^^^^^^^^^^^^^^^^
  File "C:\Users\stebin\AppData\Roaming\Python\Python312\site-packages\httpx\_client.py", line 979, in _send_handling_redirects
    response = self._send_single_request(request)
               ^^^^^^^^^^^^^^^^^^^^^^^^^^^^^^^^^^
  File "C:\Users\stebin\AppData\Roaming\Python\Python312\site-packages\httpx\_client.py", line 1014, in _send_single_request
    response = transport.handle_request(request)
               ^^^^^^^^^^^^^^^^^^^^^^^^^^^^^^^^^
  File "C:\Users\stebin\AppData\Roaming\Python\Python312\site-packages\starlette\testclient.py", line 398, in handle_request
    raise exc
  File "C:\Users\stebin\AppData\Roaming\Python\Python312\site-packages\starlette\testclient.py", line 395, in handle_request
    portal.call(self.app, scope, receive, send)
  File "C:\Users\stebin\AppData\Roaming\Python\Python312\site-packages\anyio\from_thread.py", line 334, in call
    return cast(T_Retval, self.start_task_soon(func, *args).result())
                          ^^^^^^^^^^^^^^^^^^^^^^^^^^^^^^^^^^^^^^^^^^
  File "C:\Program Files\Python312\Lib\concurrent\futures\_base.py", line 449, in result
    return self.__get_result()
           ^^^^^^^^^^^^^^^^^^^
  File "C:\Program Files\Python312\Lib\concurrent\futures\_base.py", line 401, in __get_result
    raise self._exception
  File "C:\Users\stebin\AppData\Roaming\Python\Python312\site-packages\anyio\from_thread.py", line 259, in _call_func
    retval = await retval_or_awaitable
             ^^^^^^^^^^^^^^^^^^^^^^^^^
  File "C:\Users\stebin\AppData\Roaming\Python\Python312\site-packages\fastapi\applications.py", line 1054, in __call__
    await super().__call__(scope, receive, send)
  File "C:\Users\stebin\AppData\Roaming\Python\Python312\site-packages\starlette\applications.py", line 123, in __call__
    await self.middleware_stack(scope, receive, send)
  File "C:\Users\stebin\AppData\Roaming\Python\Python312\site-packages\starlette\middleware\errors.py", line 186, in __call__
    raise exc
  File "C:\Users\stebin\AppData\Roaming\Python\Python312\site-packages\starlette\middleware\errors.py", line 164, in __call__
    await self.app(scope, receive, _send)
  File "C:\Users\stebin\AppData\Roaming\Python\Python312\site-packages\starlette\middleware\base.py", line 189, in __call__
    with collapse_excgroups():
  File "C:\Program Files\Python312\Lib\contextlib.py", line 158, in __exit__
    self.gen.throw(value)
  File "C:\Users\stebin\AppData\Roaming\Python\Python312\site-packages\starlette\_utils.py", line 93, in collapse_excgroups
    raise exc
  File "C:\Users\stebin\AppData\Roaming\Python\Python312\site-packages\starlette\middleware\base.py", line 191, in __call__
    response = await self.dispatch_func(request, call_next)
                     ^^^^^^^^^^^^^^^^^^^^^^^^^^^^^^^^^^^^^^
  File "C:\Users\stebin\OneDrive\Desktop\url shortener project\backend\main.py", line 29, in add_security_headers
    response.headers.update(
    ^^^^^^^^^^^^^^^^
AttributeError: 'coroutine' object has no attribute 'headers'

During handling of the above exception, another exception occurred:

    def test_create_and_redirect():
>       response = client.post("/api/urls", json={"url": "https://example.com"})
                   ^^^^^^^^^^^^^^^^^^^^^^^^^^^^^^^^^^^^^^^^^^^^^^^^^^^^^^^^^^^^^

test_main.py:9: 
_ _ _ _ _ _ _ _ _ _ _ _ _ _ _ _ _ _ _ _ _ _ _ _ _ _ _ _ _ _ _ _ _ _ _ _ _ _ _ _
..\..\..\..\AppData\Roaming\Python\Python312\site-packages\starlette\testclient.py:633: in post
    return super().post(
..\..\..\..\AppData\Roaming\Python\Python312\site-packages\httpx\_client.py:1144: in post
    return self.request(
..\..\..\..\AppData\Roaming\Python\Python312\site-packages\starlette\testclient.py:516: in request
    return super().request(
..\..\..\..\AppData\Roaming\Python\Python312\site-packages\httpx\_client.py:825: in request
    return self.send(request, auth=auth, follow_redirects=follow_redirects)
           ^^^^^^^^^^^^^^^^^^^^^^^^^^^^^^^^^^^^^^^^^^^^^^^^^^^^^^^^^^^^^^^^
..\..\..\..\AppData\Roaming\Python\Python312\site-packages\httpx\_client.py:914: in send
    response = self._send_handling_auth(
..\..\..\..\AppData\Roaming\Python\Python312\site-packages\httpx\_client.py:942: in _send_handling_auth
    response = self._send_handling_redirects(
..\..\..\..\AppData\Roaming\Python\Python312\site-packages\httpx\_client.py:979: in _send_handling_redirects
    response = self._send_single_request(request)
               ^^^^^^^^^^^^^^^^^^^^^^^^^^^^^^^^^^
..\..\..\..\AppData\Roaming\Python\Python312\site-packages\httpx\_client.py:1014: in _send_single_request
    response = transport.handle_request(request)
               ^^^^^^^^^^^^^^^^^^^^^^^^^^^^^^^^^
..\..\..\..\AppData\Roaming\Python\Python312\site-packages\starlette\testclient.py:398: in handle_request
    raise exc
..\..\..\..\AppData\Roaming\Python\Python312\site-packages\starlette\testclient.py:395: in handle_request
    portal.call(self.app, scope, receive, send)
..\..\..\..\AppData\Roaming\Python\Python312\site-packages\anyio\from_thread.py:334: in call
    return cast(T_Retval, self.start_task_soon(func, *args).result())
                          ^^^^^^^^^^^^^^^^^^^^^^^^^^^^^^^^^^^^^^^^^^
C:\Program Files\Python312\Lib\concurrent\futures\_base.py:449: in result
    return self.__get_result()
           ^^^^^^^^^^^^^^^^^^^
C:\Program Files\Python312\Lib\concurrent\futures\_base.py:401: in __get_result
    raise self._exception
..\..\..\..\AppData\Roaming\Python\Python312\site-packages\anyio\from_thread.py:259: in _call_func
    retval = await retval_or_awaitable
             ^^^^^^^^^^^^^^^^^^^^^^^^^
..\..\..\..\AppData\Roaming\Python\Python312\site-packages\fastapi\applications.py:1054: in __call__
    await super().__call__(scope, receive, send)
..\..\..\..\AppData\Roaming\Python\Python312\site-packages\starlette\applications.py:123: in __call__
    await self.middleware_stack(scope, receive, send)
..\..\..\..\AppData\Roaming\Python\Python312\site-packages\starlette\middleware\errors.py:186: in __call__
    raise exc
..\..\..\..\AppData\Roaming\Python\Python312\site-packages\starlette\middleware\errors.py:164: in __call__
    await self.app(scope, receive, _send)
..\..\..\..\AppData\Roaming\Python\Python312\site-packages\starlette\middleware\base.py:189: in __call__
    with collapse_excgroups():
C:\Program Files\Python312\Lib\contextlib.py:158: in __exit__
    self.gen.throw(value)
..\..\..\..\AppData\Roaming\Python\Python312\site-packages\starlette\_utils.py:93: in collapse_excgroups
    raise exc
..\..\..\..\AppData\Roaming\Python\Python312\site-packages\starlette\middleware\base.py:191: in __call__
    response = await self.dispatch_func(request, call_next)
                     ^^^^^^^^^^^^^^^^^^^^^^^^^^^^^^^^^^^^^^
_ _ _ _ _ _ _ _ _ _ _ _ _ _ _ _ _ _ _ _ _ _ _ _ _ _ _ _ _ _ _ _ _ _ _ _ _ _ _ _

request = <starlette.middleware.base._CachedRequest object at 0x0000023750848740>
call_next = <function BaseHTTPMiddleware.__call__.<locals>.call_next at 0x0000023750864040>

    @app.middleware("http")
    def add_security_headers(request, call_next):
        response = call_next(request)
>       response.headers.update(
        ^^^^^^^^^^^^^^^^
            {
                "X-Content-Type-Options": "nosniff",
                "X-Frame-Options": "DENY",
                "Referrer-Policy": "strict-origin-when-cross-origin",
            }
        )
E       AttributeError: 'coroutine' object has no attribute 'headers'

main.py:29: AttributeError
============================== warnings summary ===============================
..\..\..\..\AppData\Roaming\Python\Python312\site-packages\starlette\formparsers.py:12
  C:\Users\stebin\AppData\Roaming\Python\Python312\site-packages\starlette\formparsers.py:12: PendingDeprecationWarning: Please use `import python_multipart` instead.
    import multipart

..\..\..\..\AppData\Roaming\Python\Python312\site-packages\pydantic\_internal\_config.py:291
  C:\Users\stebin\AppData\Roaming\Python\Python312\site-packages\pydantic\_internal\_config.py:291: PydanticDeprecatedSince20: Support for class-based `config` is deprecated, use ConfigDict instead. Deprecated in Pydantic V2.0 to be removed in V3.0. See Pydantic V2 Migration Guide at https://errors.pydantic.dev/2.8/migration/
    warnings.warn(DEPRECATION_MESSAGE, DeprecationWarning)

..\..\..\..\AppData\Roaming\Python\Python312\site-packages\pydantic\_internal\_config.py:341
  C:\Users\stebin\AppData\Roaming\Python\Python312\site-packages\pydantic\_internal\_config.py:341: UserWarning: Valid config keys have changed in V2:
  * 'orm_mode' has been renamed to 'from_attributes'
    warnings.warn(message, UserWarning)

main.py:21
test_api.py::test_create_url_and_redirect
test_api.py::test_create_url_invalid_url
test_api.py::test_list_urls_returns_entries
test_api.py::test_analytics_includes_total_clicks_and_last_accessed
test_api.py::test_redirect_not_found
  C:\Users\stebin\OneDrive\Desktop\url shortener project\backend\main.py:21: DeprecationWarning: 
          on_event is deprecated, use lifespan event handlers instead.
  
          Read more about it in the
          [FastAPI docs for Lifespan Events](https://fastapi.tiangolo.com/advanced/events/).
          
    @app.on_event("startup")

..\..\..\..\AppData\Roaming\Python\Python312\site-packages\fastapi\applications.py:4495
test_api.py::test_create_url_and_redirect
test_api.py::test_create_url_invalid_url
test_api.py::test_list_urls_returns_entries
test_api.py::test_analytics_includes_total_clicks_and_last_accessed
test_api.py::test_redirect_not_found
  C:\Users\stebin\AppData\Roaming\Python\Python312\site-packages\fastapi\applications.py:4495: DeprecationWarning: 
          on_event is deprecated, use lifespan event handlers instead.
  
          Read more about it in the
          [FastAPI docs for Lifespan Events](https://fastapi.tiangolo.com/advanced/events/).
          
    return self.router.on_event(event_type)

-- Docs: https://docs.pytest.org/en/stable/how-to/capture-warnings.html
=========================== short test summary info ===========================
FAILED test_api.py::test_create_url_and_redirect - AttributeError: 'coroutine...
FAILED test_api.py::test_create_url_invalid_url - AttributeError: 'coroutine'...
FAILED test_api.py::test_list_urls_returns_entries - AttributeError: 'corouti...
FAILED test_api.py::test_analytics_includes_total_clicks_and_last_accessed - ...
FAILED test_api.py::test_redirect_not_found - AttributeError: 'coroutine' obj...
FAILED test_main.py::test_create_and_redirect - AttributeError: 'coroutine' o...
6 failed, 15 warnings in 1.94s
